Archive member included to satisfy reference by file (symbol)

C:/ST/STM32CubeIDE_1.13.0/STM32CubeIDE/plugins/com.st.stm32cube.ide.mcu.externaltools.gnu-tools-for-stm32.11.3.rel1.win32_1.1.0.202305231506/tools/bin/../lib/gcc/arm-none-eabi/11.3.1/../../../../arm-none-eabi/lib/thumb/v7-m/nofp\libc_nano.a(libc_a-exit.o)
                              C:/ST/STM32CubeIDE_1.13.0/STM32CubeIDE/plugins/com.st.stm32cube.ide.mcu.externaltools.gnu-tools-for-stm32.11.3.rel1.win32_1.1.0.202305231506/tools/bin/../lib/gcc/arm-none-eabi/11.3.1/../../../../arm-none-eabi/lib/thumb/v7-m/nofp/crt0.o (exit)
C:/ST/STM32CubeIDE_1.13.0/STM32CubeIDE/plugins/com.st.stm32cube.ide.mcu.externaltools.gnu-tools-for-stm32.11.3.rel1.win32_1.1.0.202305231506/tools/bin/../lib/gcc/arm-none-eabi/11.3.1/../../../../arm-none-eabi/lib/thumb/v7-m/nofp\libc_nano.a(libc_a-findfp.o)
                              C:/ST/STM32CubeIDE_1.13.0/STM32CubeIDE/plugins/com.st.stm32cube.ide.mcu.externaltools.gnu-tools-for-stm32.11.3.rel1.win32_1.1.0.202305231506/tools/bin/../lib/gcc/arm-none-eabi/11.3.1/../../../../arm-none-eabi/lib/thumb/v7-m/nofp\libc_nano.a(libc_a-exit.o) (__stdio_exit_handler)
C:/ST/STM32CubeIDE_1.13.0/STM32CubeIDE/plugins/com.st.stm32cube.ide.mcu.externaltools.gnu-tools-for-stm32.11.3.rel1.win32_1.1.0.202305231506/tools/bin/../lib/gcc/arm-none-eabi/11.3.1/../../../../arm-none-eabi/lib/thumb/v7-m/nofp\libc_nano.a(libc_a-fwalk.o)
                              C:/ST/STM32CubeIDE_1.13.0/STM32CubeIDE/plugins/com.st.stm32cube.ide.mcu.externaltools.gnu-tools-for-stm32.11.3.rel1.win32_1.1.0.202305231506/tools/bin/../lib/gcc/arm-none-eabi/11.3.1/../../../../arm-none-eabi/lib/thumb/v7-m/nofp\libc_nano.a(libc_a-findfp.o) (_fwalk_sglue)
C:/ST/STM32CubeIDE_1.13.0/STM32CubeIDE/plugins/com.st.stm32cube.ide.mcu.externaltools.gnu-tools-for-stm32.11.3.rel1.win32_1.1.0.202305231506/tools/bin/../lib/gcc/arm-none-eabi/11.3.1/../../../../arm-none-eabi/lib/thumb/v7-m/nofp\libc_nano.a(libc_a-printf.o)
                              ./Core/Src/Can_function.o (printf)
C:/ST/STM32CubeIDE_1.13.0/STM32CubeIDE/plugins/com.st.stm32cube.ide.mcu.externaltools.gnu-tools-for-stm32.11.3.rel1.win32_1.1.0.202305231506/tools/bin/../lib/gcc/arm-none-eabi/11.3.1/../../../../arm-none-eabi/lib/thumb/v7-m/nofp\libc_nano.a(libc_a-putchar.o)
                              ./Core/Src/adBms_Application.o (putchar)
C:/ST/STM32CubeIDE_1.13.0/STM32CubeIDE/plugins/com.st.stm32cube.ide.mcu.externaltools.gnu-tools-for-stm32.11.3.rel1.win32_1.1.0.202305231506/tools/bin/../lib/gcc/arm-none-eabi/11.3.1/../../../../arm-none-eabi/lib/thumb/v7-m/nofp\libc_nano.a(libc_a-puts.o)
                              ./Core/Src/Can_function.o (puts)
C:/ST/STM32CubeIDE_1.13.0/STM32CubeIDE/plugins/com.st.stm32cube.ide.mcu.externaltools.gnu-tools-for-stm32.11.3.rel1.win32_1.1.0.202305231506/tools/bin/../lib/gcc/arm-none-eabi/11.3.1/../../../../arm-none-eabi/lib/thumb/v7-m/nofp\libc_nano.a(libc_a-sprintf.o)
                              ./Core/Src/Can_function.o (sprintf)
C:/ST/STM32CubeIDE_1.13.0/STM32CubeIDE/plugins/com.st.stm32cube.ide.mcu.externaltools.gnu-tools-for-stm32.11.3.rel1.win32_1.1.0.202305231506/tools/bin/../lib/gcc/arm-none-eabi/11.3.1/../../../../arm-none-eabi/lib/thumb/v7-m/nofp\libc_nano.a(libc_a-stdio.o)
                              C:/ST/STM32CubeIDE_1.13.0/STM32CubeIDE/plugins/com.st.stm32cube.ide.mcu.externaltools.gnu-tools-for-stm32.11.3.rel1.win32_1.1.0.202305231506/tools/bin/../lib/gcc/arm-none-eabi/11.3.1/../../../../arm-none-eabi/lib/thumb/v7-m/nofp\libc_nano.a(libc_a-findfp.o) (__sread)
C:/ST/STM32CubeIDE_1.13.0/STM32CubeIDE/plugins/com.st.stm32cube.ide.mcu.externaltools.gnu-tools-for-stm32.11.3.rel1.win32_1.1.0.202305231506/tools/bin/../lib/gcc/arm-none-eabi/11.3.1/../../../../arm-none-eabi/lib/thumb/v7-m/nofp\libc_nano.a(libc_a-wbuf.o)
                              C:/ST/STM32CubeIDE_1.13.0/STM32CubeIDE/plugins/com.st.stm32cube.ide.mcu.externaltools.gnu-tools-for-stm32.11.3.rel1.win32_1.1.0.202305231506/tools/bin/../lib/gcc/arm-none-eabi/11.3.1/../../../../arm-none-eabi/lib/thumb/v7-m/nofp\libc_nano.a(libc_a-puts.o) (__swbuf_r)
C:/ST/STM32CubeIDE_1.13.0/STM32CubeIDE/plugins/com.st.stm32cube.ide.mcu.externaltools.gnu-tools-for-stm32.11.3.rel1.win32_1.1.0.202305231506/tools/bin/../lib/gcc/arm-none-eabi/11.3.1/../../../../arm-none-eabi/lib/thumb/v7-m/nofp\libc_nano.a(libc_a-wsetup.o)
                              C:/ST/STM32CubeIDE_1.13.0/STM32CubeIDE/plugins/com.st.stm32cube.ide.mcu.externaltools.gnu-tools-for-stm32.11.3.rel1.win32_1.1.0.202305231506/tools/bin/../lib/gcc/arm-none-eabi/11.3.1/../../../../arm-none-eabi/lib/thumb/v7-m/nofp\libc_nano.a(libc_a-puts.o) (__swsetup_r)
C:/ST/STM32CubeIDE_1.13.0/STM32CubeIDE/plugins/com.st.stm32cube.ide.mcu.externaltools.gnu-tools-for-stm32.11.3.rel1.win32_1.1.0.202305231506/tools/bin/../lib/gcc/arm-none-eabi/11.3.1/../../../../arm-none-eabi/lib/thumb/v7-m/nofp\libc_nano.a(libc_a-memset.o)
[...]
Memory Configuration

Name             Origin             Length             Attributes
RAM              0x0000000020000000 0x0000000000005000 xrw
FLASH            0x0000000008000000 0x0000000000020000 xr
*default*        0x0000000000000000 0xffffffffffffffff

Linker script and memory map

LOAD C:/ST/STM32CubeIDE_1.13.0/STM32CubeIDE/plugins/com.st.stm32cube.ide.mcu.externaltools.gnu-tools-for-stm32.11.3.rel1.win32_1.1.0.202305231506/tools/bin/../lib/gcc/arm-none-eabi/11.3.1/thumb/v7-m/nofp/crti.o
LOAD C:/ST/STM32CubeIDE_1.13.0/STM32CubeIDE/plugins/com.st.stm32cube.ide.mcu.externaltools.gnu-tools-for-stm32.11.3.rel1.win32_1.1.0.202305231506/tools/bin/../lib/gcc/arm-none-eabi/11.3.1/thumb/v7-m/nofp/crtbegin.o
LOAD C:/ST/STM32CubeIDE_1.13.0/STM32CubeIDE/plugins/com.st.stm32cube.ide.mcu.externaltools.gnu-tools-for-stm32.11.3.rel1.win32_1.1.0.202305231506/tools/bin/../lib/gcc/arm-none-eabi/11.3.1/../../../../arm-none-eabi/lib/thumb/v7-m/nofp/crt0.o
LOAD ./Core/Src/Can_function.o
LOAD ./Core/Src/EKF.o
LOAD ./Core/Src/Serial_function.o
LOAD ./Core/Src/Serila485_function.o
LOAD ./Core/Src/adBms_Application.o
LOAD ./Core/Src/adc.o
LOAD ./Core/Src/bms.o
LOAD ./Core/Src/can.o
LOAD ./Core/Src/dma.o
LOAD ./Core/Src/gpio.o
LOAD ./Core/Src/i2c.o
LOAD ./Core/Src/main.o
LOAD ./Core/Src/my_adc_dma.o
LOAD ./Core/Src/my_function.o
LOAD ./Core/Src/rtc.o
LOAD ./Core/Src/spi.o
LOAD ./Core/Src/stm32f1xx_hal_msp.o
LOAD ./Core/Src/stm32f1xx_it.o
LOAD ./Core/Src/syscalls.o
LOAD ./Core/Src/sysmem.o
LOAD ./Core/Src/system_stm32f1xx.o
LOAD ./Core/Src/tim.o
LOAD ./Core/Src/usart.o
LOAD ./Core/Startup/startup_stm32f103rbtx.o
LOAD ./Drivers/STM32F1xx_HAL_Driver/Src/stm32f1xx_hal.o
LOAD ./Drivers/STM32F1xx_HAL_Driver/Src/stm32f1xx_hal_adc.o
LOAD ./Drivers/STM32F1xx_HAL_Driver/Src/stm32f1xx_hal_adc_ex.o
LOAD ./Drivers/STM32F1xx_HAL_Driver/Src/stm32f1xx_hal_can.o
LOAD ./Drivers/STM32F1xx_HAL_Driver/Src/stm32f1xx_hal_cortex.o
LOAD ./Drivers/STM32F1xx_HAL_Driver/Src/stm32f1xx_hal_dma.o
LOAD ./Drivers/STM32F1xx_HAL_Driver/Src/stm32f1xx_hal_exti.o
LOAD ./Drivers/STM32F1xx_HAL_Driver/Src/stm32f1xx_hal_flash.o
LOAD ./Drivers/STM32F1xx_HAL_Driver/Src/stm32f1xx_hal_flash_ex.o
LOAD ./Drivers/STM32F1xx_HAL_Driver/Src/stm32f1xx_hal_gpio.o
LOAD ./Drivers/STM32F1xx_HAL_Driver/Src/stm32f1xx_hal_gpio_ex.o
LOAD ./Drivers/STM32F1xx_HAL_Driver/Src/stm32f1xx_hal_i2c.o
LOAD ./Drivers/STM32F1xx_HAL_Driver/Src/stm32f1xx_hal_pwr.o
LOAD ./Drivers/STM32F1xx_HAL_Driver/Src/stm32f1xx_hal_rcc.o
LOAD ./Drivers/STM32F1xx_HAL_Driver/Src/stm32f1xx_hal_rcc_ex.o
LOAD ./Drivers/STM32F1xx_HAL_Driver/Src/stm32f1xx_hal_rtc.o
LOAD ./Drivers/STM32F1xx_HAL_Driver/Src/stm32f1xx_hal_rtc_ex.o
LOAD ./Drivers/STM32F1xx_HAL_Driver/Src/stm32f1xx_hal_spi.o
LOAD ./Drivers/STM32F1xx_HAL_Driver/Src/stm32f1xx_hal_tim.o
LOAD ./Drivers/STM32F1xx_HAL_Driver/Src/stm32f1xx_hal_tim_ex.o
LOAD ./Drivers/STM32F1xx_HAL_Driver/Src/stm32f1xx_hal_uart.o
START GROUP
LOAD C:/ST/STM32CubeIDE_1.13.0/STM32CubeIDE/plugins/com.st.stm32cube.ide.mcu.externaltools.gnu-tools-for-stm32.11.3.rel1.win32_1.1.0.202305231506/tools/bin/../lib/gcc/arm-none-eabi/11.3.1/../../../../arm-none-eabi/lib/thumb/v7-m/nofp\libc_nano.a
LOAD C:/ST/STM32CubeIDE_1.13.0/STM32CubeIDE/plugins/com.st.stm32cube.ide.mcu.externaltools.gnu-tools-for-stm32.11.3.rel1.win32_1.1.0.202305231506/tools/bin/../lib/gcc/arm-none-eabi/11.3.1/../../../../arm-none-eabi/lib/thumb/v7-m/nofp\libm.a
END GROUP
START GROUP
LOAD C:/ST/STM32CubeIDE_1.13.0/STM32CubeIDE/plugins/com.st.stm32cube.ide.mcu.externaltools.gnu-tools-for-stm32.11.3.rel1.win32_1.1.0.202305231506/tools/bin/../lib/gcc/arm-none-eabi/11.3.1/thumb/v7-m/nofp\libgcc.a
LOAD C:/ST/STM32CubeIDE_1.13.0/STM32CubeIDE/plugins/com.st.stm32cube.ide.mcu.externaltools.gnu-tools-for-stm32.11.3.rel1.win32_1.1.0.202305231506/tools/bin/../lib/gcc/arm-none-eabi/11.3.1/../../../../arm-none-eabi/lib/thumb/v7-m/nofp\libc_nano.a
END GROUP
START GROUP
LOAD C:/ST/STM32CubeIDE_1.13.0/STM32CubeIDE/plugins/com.st.stm32cube.ide.mcu.externaltools.gnu-tools-for-stm32.11.3.rel1.win32_1.1.0.202305231506/tools/bin/../lib/gcc/arm-none-eabi/11.3.1/thumb/v7-m/nofp\libgcc.a
LOAD C:/ST/STM32CubeIDE_1.13.0/STM32CubeIDE/plugins/com.st.stm32cube.ide.mcu.externaltools.gnu-tools-for-stm32.11.3.rel1.win32_1.1.0.202305231506/tools/bin/../lib/gcc/arm-none-eabi/11.3.1/../../../../arm-none-eabi/lib/thumb/v7-m/nofp\libc_nano.a
LOAD C:/ST/STM32CubeIDE_1.13.0/STM32CubeIDE/plugins/com.st.stm32cube.ide.mcu.externaltools.gnu-tools-for-stm32.11.3.rel1.win32_1.1.0.202305231506/tools/bin/../lib/gcc/arm-none-eabi/11.3.1/../../../../arm-none-eabi/lib/thumb/v7-m/nofp\libnosys.a
END GROUP
START GROUP
LOAD C:/ST/STM32CubeIDE_1.13.0/STM32CubeIDE/plugins/com.st.stm32cube.ide.mcu.externaltools.gnu-tools-for-stm32.11.3.rel1.win32_1.1.0.202305231506/tools/bin/../lib/gcc/arm-none-eabi/11.3.1/thumb/v7-m/nofp\libgcc.a
LOAD C:/ST/STM32CubeIDE_1.13.0/STM32CubeIDE/plugins/com.st.stm32cube.ide.mcu.externaltools.gnu-tools-for-stm32.11.3.rel1.win32_1.1.0.202305231506/tools/bin/../lib/gcc/arm-none-eabi/11.3.1/../../../../arm-none-eabi/lib/thumb/v7-m/nofp\libc_nano.a
LOAD C:/ST/STM32CubeIDE_1.13.0/STM32CubeIDE/plugins/com.st.stm32cube.ide.mcu.externaltools.gnu-tools-for-stm32.11.3.rel1.win32_1.1.0.202305231506/tools/bin/../lib/gcc/arm-none-eabi/11.3.1/../../../../arm-none-eabi/lib/thumb/v7-m/nofp\libnosys.a
END GROUP
LOAD C:/ST/STM32CubeIDE_1.13.0/STM32CubeIDE/plugins/com.st.stm32cube.ide.mcu.externaltools.gnu-tools-for-stm32.11.3.rel1.win32_1.1.0.202305231506/tools/bin/../lib/gcc/arm-none-eabi/11.3.1/thumb/v7-m/nofp/crtend.o
LOAD C:/ST/STM32CubeIDE_1.13.0/STM32CubeIDE/plugins/com.st.stm32cube.ide.mcu.externaltools.gnu-tools-for-stm32.11.3.rel1.win32_1.1.0.202305231506/tools/bin/../lib/gcc/arm-none-eabi/11.3.1/thumb/v7-m/nofp/crtn.o
                0x0000000020005000                _estack = (ORIGIN (RAM) + LENGTH (RAM))
                0x0000000000000200                _Min_Heap_Size = 0x200
                0x0000000000000400                _Min_Stack_Size = 0x400

.isr_vector     0x0000000008000000      0x10c
                0x0000000008000000                . = ALIGN (0x4)
 *(.isr_vector)
 .isr_vector    0x0000000008000000      0x10c ./Core/Startup/startup_stm32f103rbtx.o
                0x0000000008000000                g_pfnVectors
                0x000000000800010c                . = ALIGN (0x4)

.text           0x0000000008000110     0xd21c
                0x0000000008000110                . = ALIGN (0x4)
 *(.text)
 .text          0x0000000008000110       0x40 C:/ST/STM32CubeIDE_1.13.0/STM32CubeIDE/plugins/com.st.stm32cube.ide.mcu.externaltools.gnu-tools-for-stm32.11.3.rel1.win32_1.1.0.202305231506/tools/bin/../lib/gcc/arm-none-eabi/11.3.1/thumb/v7-m/nofp/crtbegin.o
 .text          0x0000000008000150       0x10 C:/ST/STM32CubeIDE_1.13.0/STM32CubeIDE/plugins/com.st.stm32cube.ide.mcu.externaltools.gnu-tools-for-stm32.11.3.rel1.win32_1.1.0.202305231506/tools/bin/../lib/gcc/arm-none-eabi/11.3.1/../../../../arm-none-eabi/lib/thumb/v7-m/nofp\libc_nano.a(libc_a-strlen.o)
                0x0000000008000150                strlen
 .text          0x0000000008000160      0x378 C:/ST/STM32CubeIDE_1.13.0/STM32CubeIDE/plugins/com.st.stm32cube.ide.mcu.externaltools.gnu-tools-for-stm32.11.3.rel1.win32_1.1.0.202305231506/tools/bin/../lib/gcc/arm-none-eabi/11.3.1/thumb/v7-m/nofp\libgcc.a(_arm_addsubdf3.o)
                0x0000000008000160                __aeabi_drsub
                0x0000000008000168                __aeabi_dsub
                0x0000000008000168                __subdf3
                0x000000000800016c                __aeabi_dadd
                0x000000000800016c                __adddf3
                0x00000000080003e4                __floatunsidf
                0x00000000080003e4                __aeabi_ui2d
                0x0000000008000404                __floatsidf
                0x0000000008000404                __aeabi_i2d
                0x0000000008000428                __aeabi_f2d
                0x0000000008000428                __extendsfdf2
                0x000000000800046c                __floatundidf
                0x000000000800046c                __aeabi_ul2d
                0x000000000800047c                __floatdidf
                0x000000000800047c                __aeabi_l2d
 .text          0x00000000080004d8      0x424 C:/ST/STM32CubeIDE_1.13.0/STM32CubeIDE/plugins/com.st.stm32cube.ide.mcu.externaltools.gnu-tools-for-stm32.11.3.rel1.win32_1.1.0.202305231506/tools/bin/../lib/gcc/arm-none-eabi/11.3.1/thumb/v7-m/nofp\libgcc.a(_arm_muldivdf3.o)
                0x00000000080004d8                __aeabi_dmul
                0x00000000080004d8                __muldf3
                0x000000000800072c                __divdf3
                0x000000000800072c                __aeabi_ddiv
 .text          0x00000000080008fc      0x110 C:/ST/STM32CubeIDE_1.13.0/STM32CubeIDE/plugins/com.st.stm32cube.ide.mcu.externaltools.gnu-tools-for-stm32.11.3.rel1.win32_1.1.0.202305231506/tools/bin/../lib/gcc/arm-none-eabi/11.3.1/thumb/v7-m/nofp\libgcc.a(_arm_cmpdf2.o)
                0x00000000080008fc                __gtdf2
                0x00000000080008fc                __gedf2
                0x0000000008000904                __ltdf2
                0x0000000008000904                __ledf2
                0x000000000800090c                __nedf2
                0x000000000800090c                __eqdf2
                0x000000000800090c                __cmpdf2
                0x0000000008000988                __aeabi_cdrcmple
                0x0000000008000998                __aeabi_cdcmpeq
                0x0000000008000998                __aeabi_cdcmple
                0x00000000080009a8                __aeabi_dcmpeq
                0x00000000080009bc                __aeabi_dcmplt
                0x00000000080009d0                __aeabi_dcmple
                0x00000000080009e4                __aeabi_dcmpge
                0x00000000080009f8                __aeabi_dcmpgt
 .text          0x0000000008000a0c       0x40 C:/ST/STM32CubeIDE_1.13.0/STM32CubeIDE/plugins/com.st.stm32cube.ide.mcu.externaltools.gnu-tools-for-stm32.11.3.rel1.win32_1.1.0.202305231506/tools/bin/../lib/gcc/arm-none-eabi/11.3.1/thumb/v7-m/nofp\libgcc.a(_arm_fixunsdfsi.o)
                0x0000000008000a0c                __aeabi_d2uiz
                0x0000000008000a0c                __fixunsdfsi
 .text          0x0000000008000a4c       0xa0 C:/ST/STM32CubeIDE_1.13.0/STM32CubeIDE/plugins/com.st.stm32cube.ide.mcu.externaltools.gnu-tools-for-stm32.11.3.rel1.win32_1.1.0.202305231506/tools/bin/../lib/gcc/arm-none-eabi/11.3.1/thumb/v7-m/nofp\libgcc.a(_arm_truncdfsf2.o)
                0x0000000008000a4c                __truncdfsf2
                0x0000000008000a4c                __aeabi_d2f
 .text          0x0000000008000aec      0x21c C:/ST/STM32CubeIDE_1.13.0/STM32CubeIDE/plugins/com.st.stm32cube.ide.mcu.externaltools.gnu-tools-for-stm32.11.3.rel1.win32_1.1.0.202305231506/tools/bin/../lib/gcc/arm-none-eabi/11.3.1/thumb/v7-m/nofp\libgcc.a(_arm_addsubsf3.o)
                0x0000000008000aec                __aeabi_frsub
                0x0000000008000af4                __subsf3
                0x0000000008000af4                __aeabi_fsub
                0x0000000008000af8                __aeabi_fadd
                0x0000000008000af8                __addsf3
                0x0000000008000c58                __aeabi_ui2f
                0x0000000008000c58                __floatunsisf
                0x0000000008000c60                __aeabi_i2f
                0x0000000008000c60                __floatsisf
                0x0000000008000c7c                __aeabi_ul2f
                0x0000000008000c7c                __floatundisf
                0x0000000008000c8c                __aeabi_l2f
                0x0000000008000c8c                __floatdisf
 .text          0x0000000008000d08      0x2a0 C:/ST/STM32CubeIDE_1.13.0/STM32CubeIDE/plugins/com.st.stm32cube.ide.mcu.externaltools.gnu-tools-for-stm32.11.3.rel1.win32_1.1.0.202305231506/tools/bin/../lib/gcc/arm-none-eabi/11.3.1/thumb/v7-m/nofp\libgcc.a(_arm_muldivsf3.o)
                0x0000000008000d08                __mulsf3
                0x0000000008000d08                __aeabi_fmul
                0x0000000008000e70                __aeabi_fdiv
                0x0000000008000e70                __divsf3
 .text          0x0000000008000fa8       0x4c C:/ST/STM32CubeIDE_1.13.0/STM32CubeIDE/plugins/com.st.stm32cube.ide.mcu.externaltools.gnu-tools-for-stm32.11.3.rel1.win32_1.1.0.202305231506/tools/bin/../lib/gcc/arm-none-eabi/11.3.1/thumb/v7-m/nofp\libgcc.a(_arm_fixsfsi.o)
                0x0000000008000fa8                __aeabi_f2iz
                0x0000000008000fa8                __fixsfsi
 *(.text*)
 .text.Set_Can_filter
                0x0000000008000ff4       0x80 ./Core/Src/Can_function.o
                0x0000000008000ff4                Set_Can_filter
 .text.Can_setup_default
                0x0000000008001074       0x70 ./Core/Src/Can_function.o
                0x0000000008001074                Can_setup_default
 .text.Can_Cmd_check
                0x00000000080010e4       0xe4 ./Core/Src/Can_function.o
                0x00000000080010e4                Can_Cmd_check
 .text.EKF_Algorithm_Main
                0x00000000080011c8      0xa00 ./Core/Src/EKF.o
                0x00000000080011c8                EKF_Algorithm_Main
 .text.EKF_Algorithm_Init
                0x0000000008001bc8      0x120 ./Core/Src/EKF.o
                0x0000000008001bc8                EKF_Algorithm_Init
 .text.EKF_OCV_DIV_5Poly
                0x0000000008001ce8       0x78 ./Core/Src/EKF.o
                0x0000000008001ce8                EKF_OCV_DIV_5Poly
 .text.EKF_OCV_High_5Poly
                0x0000000008001d60      0x128 ./Core/Src/EKF.o
                0x0000000008001d60                EKF_OCV_High_5Poly
 .text.EKF_OCV_Mid_5Poly
                0x0000000008001e88      0x128 ./Core/Src/EKF.o
                0x0000000008001e88                EKF_OCV_Mid_5Poly
 .text.EKF_OCV_Low_5Poly
                0x0000000008001fb0      0x128 ./Core/Src/EKF.o
                0x0000000008001fb0                EKF_OCV_Low_5Poly
 .text.EKF_OCV_Dot_DIV_5Poly
                0x00000000080020d8       0x78 ./Core/Src/EKF.o
                0x00000000080020d8                EKF_OCV_Dot_DIV_5Poly
 .text.EKF_OCV_Dot_High_5Poly
                0x0000000008002150      0x140 ./Core/Src/EKF.o
                0x0000000008002150                EKF_OCV_Dot_High_5Poly
 .text.EKF_OCV_Dot_Mid_5Poly
                0x0000000008002290      0x140 ./Core/Src/EKF.o
                0x0000000008002290                EKF_OCV_Dot_Mid_5Poly
 .text.EKF_OCV_Dot_Low_5Poly
                0x00000000080023d0      0x140 ./Core/Src/EKF.o
                0x00000000080023d0                EKF_OCV_Dot_Low_5Poly
 .text.SocCalculation
                0x0000000008002510      0x174 ./Core/Src/EKF.o
                0x0000000008002510                SocCalculation
 .text.Setup_uart_default
                0x0000000008002684       0xd4 ./Core/Src/Serial_function.o
                0x0000000008002684                Setup_uart_default
 .text.Uart1_Cmd_check
                0x0000000008002758      0x154 ./Core/Src/Serial_function.o
                0x0000000008002758                Uart1_Cmd_check
 .text.Uart2_Cmd_check
                0x00000000080028ac       0xf0 ./Core/Src/Serial_function.o
                0x00000000080028ac                Uart2_Cmd_check
 .text.Check_Debug_Serial
                0x000000000800299c      0x448 ./Core/Src/Serial_function.o
                0x000000000800299c                Check_Debug_Serial
 .text.Setup_uart485_default
                0x0000000008002de4       0x84 ./Core/Src/Serila485_function.o
                0x0000000008002de4                Setup_uart485_default
 .text.U3_485_Cmd_check
                0x0000000008002e68       0x30 ./Core/Src/Serila485_function.o
                0x0000000008002e68                U3_485_Cmd_check
 .text.U3_485_send_data
                0x0000000008002e98       0x5c ./Core/Src/Serila485_function.o
                0x0000000008002e98                U3_485_send_data
 *fill*         0x0000000008002ef4        0x4 
 .text.Print_Cell_Voltage
                0x0000000008002ef8      0x104 ./Core/Src/adBms_Application.o
                0x0000000008002ef8                Print_Cell_Voltage
 .text.Adbms6817_initialize
                0x0000000008002ffc       0x34 ./Core/Src/adBms_Application.o
                0x0000000008002ffc                Adbms6817_initialize
 .text.Adbms6817_adcv
                0x0000000008003030       0x5c ./Core/Src/adBms_Application.o
                0x0000000008003030                Adbms6817_adcv
 .text.Adbms6817_rdcv_reg
                0x000000000800308c      0x1b4 ./Core/Src/adBms_Application.o
                0x000000000800308c                Adbms6817_rdcv_reg
 .text.Adbms6817_wrcfg
                0x0000000008003240      0x160 ./Core/Src/adBms_Application.o
                0x0000000008003240                Adbms6817_wrcfg
 .text.Adbms6817_rdcfg
                0x00000000080033a0      0x160 ./Core/Src/adBms_Application.o
                0x00000000080033a0                Adbms6817_rdcfg
 .text.Adbms6817_wrpwm
                0x0000000008003500      0x148 ./Core/Src/adBms_Application.o
                0x0000000008003500                Adbms6817_wrpwm
 .text.Adbms6817_discharge_cell_continuously
                0x0000000008003648       0xf4 ./Core/Src/adBms_Application.o
                0x0000000008003648                Adbms6817_discharge_cell_continuously
 .text.Adbms6817_discharge_cell_pwm
                0x000000000800373c      0x1e8 ./Core/Src/adBms_Application.o
                0x000000000800373c                Adbms6817_discharge_cell_pwm
 .text.PEC15_Table_initialize
                0x0000000008003924       0x74 ./Core/Src/adBms_Application.o
                0x0000000008003924                PEC15_Table_initialize
 .text.PEC10_Table_initialize
                0x0000000008003998       0x7c ./Core/Src/adBms_Application.o
                0x0000000008003998                PEC10_Table_initialize
 .text.PEC15_calc
                0x0000000008003a14       0x64 ./Core/Src/adBms_Application.o
                0x0000000008003a14                PEC15_calc
 .text.PEC10_calc
                0x0000000008003a78       0xcc ./Core/Src/adBms_Application.o
                0x0000000008003a78                PEC10_calc
 .text.Adbms6817_read_adc
                0x0000000008003b44       0x98 ./Core/Src/adBms_Application.o
                0x0000000008003b44                Adbms6817_read_adc
 .text.Adbms6817_init_reg
                0x0000000008003bdc       0x48 ./Core/Src/adBms_Application.o
                0x0000000008003bdc                Adbms6817_init_reg
 .text.wakeup_idle
                0x0000000008003c24       0x28 ./Core/Src/adBms_Application.o
                0x0000000008003c24                wakeup_idle
 .text.spi_write_array
                0x0000000008003c4c       0x40 ./Core/Src/adBms_Application.o
                0x0000000008003c4c                spi_write_array
 .text.spi_write_read
                0x0000000008003c8c       0x80 ./Core/Src/adBms_Application.o
                0x0000000008003c8c                spi_write_read
 .text.MX_ADC1_Init
                0x0000000008003d0c       0xd4 ./Core/Src/adc.o
                0x0000000008003d0c                MX_ADC1_Init
 .text.HAL_ADC_MspInit
                0x0000000008003de0      0x100 ./Core/Src/adc.o
                0x0000000008003de0                HAL_ADC_MspInit
 .text.BMS_Cell_Balancing
                0x0000000008003ee0      0x304 ./Core/Src/bms.o
                0x0000000008003ee0                BMS_Cell_Balancing
 .text.Broadcast_data
                0x00000000080041e4      0x428 ./Core/Src/bms.o
                0x00000000080041e4                Broadcast_data
 .text.MX_CAN_Init
                0x000000000800460c       0x6c ./Core/Src/can.o
                0x000000000800460c                MX_CAN_Init
 .text.HAL_CAN_MspInit
                0x0000000008004678       0x98 ./Core/Src/can.o
                0x0000000008004678                HAL_CAN_MspInit
 .text.MX_DMA_Init
                0x0000000008004710       0x3c ./Core/Src/dma.o
                0x0000000008004710                MX_DMA_Init
 .text.MX_GPIO_Init
                0x000000000800474c      0x1ac ./Core/Src/gpio.o
                0x000000000800474c                MX_GPIO_Init
 .text.MX_I2C2_Init
                0x00000000080048f8       0x5c ./Core/Src/i2c.o
                0x00000000080048f8                MX_I2C2_Init
 .text.HAL_I2C_MspInit
                0x0000000008004954       0x80 ./Core/Src/i2c.o
                0x0000000008004954                HAL_I2C_MspInit
 .text.__io_putchar
                0x00000000080049d4       0x24 ./Core/Src/main.o
                0x00000000080049d4                __io_putchar
 .text.main     0x00000000080049f8      0x1c4 ./Core/Src/main.o
                0x00000000080049f8                main
 .text.SystemClock_Config
                0x0000000008004bbc       0xc0 ./Core/Src/main.o
                0x0000000008004bbc                SystemClock_Config
 .text.MX_NVIC_Init
                0x0000000008004c7c       0x48 ./Core/Src/main.o
 .text.HAL_UART_RxCpltCallback
                0x0000000008004cc4      0x1b4 ./Core/Src/main.o
                0x0000000008004cc4                HAL_UART_RxCpltCallback
 .text.HAL_CAN_RxFifo0MsgPendingCallback
                0x0000000008004e78       0x38 ./Core/Src/main.o
                0x0000000008004e78                HAL_CAN_RxFifo0MsgPendingCallback
 .text.HAL_TIM_PeriodElapsedCallback
                0x0000000008004eb0       0x98 ./Core/Src/main.o
                0x0000000008004eb0                HAL_TIM_PeriodElapsedCallback
 .text.HAL_CAN_ErrorCallback
                0x0000000008004f48       0x12 ./Core/Src/main.o
                0x0000000008004f48                HAL_CAN_ErrorCallback
 .text.HAL_PWR_PVDCallback
                0x0000000008004f5a        0xc ./Core/Src/main.o
                0x0000000008004f5a                HAL_PWR_PVDCallback
 .text.Error_Handler
                0x0000000008004f66        0xa ./Core/Src/main.o
                0x0000000008004f66                Error_Handler
 .text.Setup_ADC_default
                0x0000000008004f70      0x1c4 ./Core/Src/my_adc_dma.o
                0x0000000008004f70                Setup_ADC_default
 .text.Adc_dma_start
                0x0000000008005134       0x1c ./Core/Src/my_adc_dma.o
                0x0000000008005134                Adc_dma_start
 .text.Read_DMA_Current_n_Temperature
                0x0000000008005150      0x42c ./Core/Src/my_adc_dma.o
                0x0000000008005150                Read_DMA_Current_n_Temperature
 *fill*         0x000000000800557c        0x4 
 .text.Calc_PCB_current
                0x0000000008005580       0x9c ./Core/Src/my_adc_dma.o
                0x0000000008005580                Calc_PCB_current
 .text.Calc_CT_sensor
                0x000000000800561c       0x84 ./Core/Src/my_adc_dma.o
                0x000000000800561c                Calc_CT_sensor
 .text.Adc_to_temperature
                0x00000000080056a0       0xf4 ./Core/Src/my_adc_dma.o
                0x00000000080056a0                Adc_to_temperature
 .text.quickSort
                0x0000000008005794       0xe0 ./Core/Src/my_adc_dma.o
                0x0000000008005794                quickSort
 .text.Setup_default
                0x0000000008005874       0xa0 ./Core/Src/my_function.o
                0x0000000008005874                Setup_default
 .text.Get_Switch_info
                0x0000000008005914       0xb8 ./Core/Src/my_function.o
                0x0000000008005914                Get_Switch_info
 .text.Charge_voltage_open
                0x00000000080059cc       0x24 ./Core/Src/my_function.o
                0x00000000080059cc                Charge_voltage_open
 .text.Discharge_voltage_open
                0x00000000080059f0       0x24 ./Core/Src/my_function.o
                0x00000000080059f0                Discharge_voltage_open
 .text.Start_Relay_pwm
                0x0000000008005a14       0xac ./Core/Src/my_function.o
                0x0000000008005a14                Start_Relay_pwm
 .text.PWM_Toggle_Relay
                0x0000000008005ac0       0xb8 ./Core/Src/my_function.o
                0x0000000008005ac0                PWM_Toggle_Relay
 .text.Check_bms_error
                0x0000000008005b78       0xc4 ./Core/Src/my_function.o
                0x0000000008005b78                Check_bms_error
 .text.Check_Relay_Contorl
                0x0000000008005c3c       0x68 ./Core/Src/my_function.o
                0x0000000008005c3c                Check_Relay_Contorl
 .text.calc_boot_time
                0x0000000008005ca4       0x58 ./Core/Src/my_function.o
                0x0000000008005ca4                calc_boot_time
 .text.flash_read
                0x0000000008005cfc       0x48 ./Core/Src/my_function.o
                0x0000000008005cfc                flash_read
 .text.flash_write
                0x0000000008005d44      0x1d0 ./Core/Src/my_function.o
                0x0000000008005d44                flash_write
 .text.MX_RTC_Init
                0x0000000008005f14       0x38 ./Core/Src/rtc.o
                0x0000000008005f14                MX_RTC_Init
 .text.HAL_RTC_MspInit
                0x0000000008005f4c       0x48 ./Core/Src/rtc.o
                0x0000000008005f4c                HAL_RTC_MspInit
 .text.MX_SPI1_Init
                0x0000000008005f94       0x6c ./Core/Src/spi.o
                0x0000000008005f94                MX_SPI1_Init
 .text.HAL_SPI_MspInit
                0x0000000008006000       0x94 ./Core/Src/spi.o
                0x0000000008006000                HAL_SPI_MspInit
 .text.HAL_MspInit
                0x0000000008006094       0x74 ./Core/Src/stm32f1xx_hal_msp.o
                0x0000000008006094                HAL_MspInit
 .text.NMI_Handler
                0x0000000008006108        0x6 ./Core/Src/stm32f1xx_it.o
                0x0000000008006108                NMI_Handler
 .text.HardFault_Handler
                0x000000000800610e        0x6 ./Core/Src/stm32f1xx_it.o
                0x000000000800610e                HardFault_Handler
 .text.MemManage_Handler
                0x0000000008006114        0x6 ./Core/Src/stm32f1xx_it.o
                0x0000000008006114                MemManage_Handler
 .text.BusFault_Handler
                0x000000000800611a        0x6 ./Core/Src/stm32f1xx_it.o
                0x000000000800611a                BusFault_Handler
 .text.UsageFault_Handler
                0x0000000008006120        0x6 ./Core/Src/stm32f1xx_it.o
                0x0000000008006120                UsageFault_Handler
 .text.SVC_Handler
                0x0000000008006126        0xc ./Core/Src/stm32f1xx_it.o
                0x0000000008006126                SVC_Handler
 .text.DebugMon_Handler
                0x0000000008006132        0xc ./Core/Src/stm32f1xx_it.o
                0x0000000008006132                DebugMon_Handler
 .text.PendSV_Handler
                0x000000000800613e        0xc ./Core/Src/stm32f1xx_it.o
                0x000000000800613e                PendSV_Handler
 .text.SysTick_Handler
                0x000000000800614a        0xc ./Core/Src/stm32f1xx_it.o
                0x000000000800614a                SysTick_Handler
 .text.PVD_IRQHandler
                0x0000000008006156        0xc ./Core/Src/stm32f1xx_it.o
                0x0000000008006156                PVD_IRQHandler
 *fill*         0x0000000008006162        0x2 
 .text.DMA1_Channel1_IRQHandler
                0x0000000008006164       0x14 ./Core/Src/stm32f1xx_it.o
                0x0000000008006164                DMA1_Channel1_IRQHandler
 .text.USB_LP_CAN1_RX0_IRQHandler
                0x0000000008006178       0x14 ./Core/Src/stm32f1xx_it.o
                0x0000000008006178                USB_LP_CAN1_RX0_IRQHandler
 .text.TIM2_IRQHandler
                0x000000000800618c       0x14 ./Core/Src/stm32f1xx_it.o
                0x000000000800618c                TIM2_IRQHandler
 .text.USART1_IRQHandler
                0x00000000080061a0       0x14 ./Core/Src/stm32f1xx_it.o
                0x00000000080061a0                USART1_IRQHandler
 .text.USART2_IRQHandler
                0x00000000080061b4       0x14 ./Core/Src/stm32f1xx_it.o
                0x00000000080061b4                USART2_IRQHandler
 .text.USART3_IRQHandler
                0x00000000080061c8       0x14 ./Core/Src/stm32f1xx_it.o
                0x00000000080061c8                USART3_IRQHandler
 .text._read    0x00000000080061dc       0x3a ./Core/Src/syscalls.o
                0x00000000080061dc                _read
 .text._write   0x0000000008006216       0x38 ./Core/Src/syscalls.o
                0x0000000008006216                _write
 .text._close   0x000000000800624e       0x16 ./Core/Src/syscalls.o
                0x000000000800624e                _close
 .text._fstat   0x0000000008006264       0x1e ./Core/Src/syscalls.o
                0x0000000008006264                _fstat
 .text._isatty  0x0000000008006282       0x14 ./Core/Src/syscalls.o
                0x0000000008006282                _isatty
 .text._lseek   0x0000000008006296       0x18 ./Core/Src/syscalls.o
                0x0000000008006296                _lseek
 *fill*         0x00000000080062ae        0x2 
 .text._sbrk    0x00000000080062b0       0x6c ./Core/Src/sysmem.o
                0x00000000080062b0                _sbrk
 .text.SystemInit
                0x000000000800631c        0xc ./Core/Src/system_stm32f1xx.o
                0x000000000800631c                SystemInit
 .text.MX_TIM2_Init
                0x0000000008006328       0x9c ./Core/Src/tim.o
                0x0000000008006328                MX_TIM2_Init
 .text.MX_TIM3_Init
                0x00000000080063c4      0x134 ./Core/Src/tim.o
                0x00000000080063c4                MX_TIM3_Init
 .text.HAL_TIM_Base_MspInit
                0x00000000080064f8       0x70 ./Core/Src/tim.o
                0x00000000080064f8                HAL_TIM_Base_MspInit
 .text.HAL_TIM_MspPostInit
                0x0000000008006568       0x90 ./Core/Src/tim.o
                0x0000000008006568                HAL_TIM_MspPostInit
 .text.MX_USART1_UART_Init
                0x00000000080065f8       0x54 ./Core/Src/usart.o
                0x00000000080065f8                MX_USART1_UART_Init
 .text.MX_USART2_UART_Init
                0x000000000800664c       0x54 ./Core/Src/usart.o
                0x000000000800664c                MX_USART2_UART_Init
 .text.MX_USART3_UART_Init
                0x00000000080066a0       0x54 ./Core/Src/usart.o
                0x00000000080066a0                MX_USART3_UART_Init
 .text.HAL_UART_MspInit
                0x00000000080066f4      0x1a8 ./Core/Src/usart.o
                0x00000000080066f4                HAL_UART_MspInit
 .text.Reset_Handler
                0x000000000800689c       0x48 ./Core/Startup/startup_stm32f103rbtx.o
                0x000000000800689c                Reset_Handler
 .text.Default_Handler
                0x00000000080068e4        0x2 ./Core/Startup/startup_stm32f103rbtx.o
                0x00000000080068e4                RTC_Alarm_IRQHandler
                0x00000000080068e4                EXTI2_IRQHandler
                0x00000000080068e4                TIM1_CC_IRQHandler
                0x00000000080068e4                EXTI3_IRQHandler
                0x00000000080068e4                EXTI0_IRQHandler
                0x00000000080068e4                I2C2_EV_IRQHandler
                0x00000000080068e4                ADC1_2_IRQHandler
                0x00000000080068e4                SPI1_IRQHandler
                0x00000000080068e4                TAMPER_IRQHandler
                0x00000000080068e4                DMA1_Channel4_IRQHandler
                0x00000000080068e4                RTC_IRQHandler
                0x00000000080068e4                DMA1_Channel7_IRQHandler
                0x00000000080068e4                CAN1_RX1_IRQHandler
                0x00000000080068e4                TIM4_IRQHandler
                0x00000000080068e4                I2C1_EV_IRQHandler
                0x00000000080068e4                DMA1_Channel6_IRQHandler
                0x00000000080068e4                TIM3_IRQHandler
                0x00000000080068e4                RCC_IRQHandler
                0x00000000080068e4                TIM1_TRG_COM_IRQHandler
                0x00000000080068e4                Default_Handler
                0x00000000080068e4                EXTI15_10_IRQHandler
                0x00000000080068e4                EXTI9_5_IRQHandler
                0x00000000080068e4                SPI2_IRQHandler
                0x00000000080068e4                DMA1_Channel5_IRQHandler
                0x00000000080068e4                EXTI4_IRQHandler
                0x00000000080068e4                USB_HP_CAN1_TX_IRQHandler
                0x00000000080068e4                DMA1_Channel3_IRQHandler
                0x00000000080068e4                TIM1_UP_IRQHandler
                0x00000000080068e4                WWDG_IRQHandler
                0x00000000080068e4                TIM1_BRK_IRQHandler
                0x00000000080068e4                EXTI1_IRQHandler
                0x00000000080068e4                I2C2_ER_IRQHandler
                0x00000000080068e4                DMA1_Channel2_IRQHandler
                0x00000000080068e4                CAN1_SCE_IRQHandler
                0x00000000080068e4                FLASH_IRQHandler
                0x00000000080068e4                I2C1_ER_IRQHandler
                0x00000000080068e4                USBWakeUp_IRQHandler
 *fill*         0x00000000080068e6        0x2 
 .text.HAL_Init
                0x00000000080068e8       0x2c ./Drivers/STM32F1xx_HAL_Driver/Src/stm32f1xx_hal.o
                0x00000000080068e8                HAL_Init
 .text.HAL_InitTick
                0x0000000008006914       0x60 ./Drivers/STM32F1xx_HAL_Driver/Src/stm32f1xx_hal.o
                0x0000000008006914                HAL_InitTick
 .text.HAL_IncTick
                0x0000000008006974       0x24 ./Drivers/STM32F1xx_HAL_Driver/Src/stm32f1xx_hal.o
                0x0000000008006974                HAL_IncTick
 .text.HAL_GetTick
                0x0000000008006998       0x14 ./Drivers/STM32F1xx_HAL_Driver/Src/stm32f1xx_hal.o
                0x0000000008006998                HAL_GetTick
 .text.HAL_Delay
                0x00000000080069ac       0x48 ./Drivers/STM32F1xx_HAL_Driver/Src/stm32f1xx_hal.o
                0x00000000080069ac                HAL_Delay
 .text.HAL_ADC_Init
                0x00000000080069f4      0x1b0 ./Drivers/STM32F1xx_HAL_Driver/Src/stm32f1xx_hal_adc.o
                0x00000000080069f4                HAL_ADC_Init
 .text.HAL_ADC_Start_DMA
                0x0000000008006ba4      0x1bc ./Drivers/STM32F1xx_HAL_Driver/Src/stm32f1xx_hal_adc.o
                0x0000000008006ba4                HAL_ADC_Start_DMA
 .text.HAL_ADC_ConvCpltCallback
                0x0000000008006d60       0x12 ./Drivers/STM32F1xx_HAL_Driver/Src/stm32f1xx_hal_adc.o
                0x0000000008006d60                HAL_ADC_ConvCpltCallback
 .text.HAL_ADC_ConvHalfCpltCallback
                0x0000000008006d72       0x12 ./Drivers/STM32F1xx_HAL_Driver/Src/stm32f1xx_hal_adc.o
                0x0000000008006d72                HAL_ADC_ConvHalfCpltCallback
 .text.HAL_ADC_ErrorCallback
                0x0000000008006d84       0x12 ./Drivers/STM32F1xx_HAL_Driver/Src/stm32f1xx_hal_adc.o
                0x0000000008006d84                HAL_ADC_ErrorCallback
 *fill*         0x0000000008006d96        0x2 
 .text.HAL_ADC_ConfigChannel
                0x0000000008006d98      0x1f0 ./Drivers/STM32F1xx_HAL_Driver/Src/stm32f1xx_hal_adc.o
                0x0000000008006d98                HAL_ADC_ConfigChannel
 .text.ADC_Enable
                0x0000000008006f88       0xb4 ./Drivers/STM32F1xx_HAL_Driver/Src/stm32f1xx_hal_adc.o
                0x0000000008006f88                ADC_Enable
 .text.ADC_ConversionStop_Disable
                0x000000000800703c       0x82 ./Drivers/STM32F1xx_HAL_Driver/Src/stm32f1xx_hal_adc.o
                0x000000000800703c                ADC_ConversionStop_Disable
 .text.ADC_DMAConvCplt
                0x00000000080070be       0x7c ./Drivers/STM32F1xx_HAL_Driver/Src/stm32f1xx_hal_adc.o
                0x00000000080070be                ADC_DMAConvCplt
 .text.ADC_DMAHalfConvCplt
                0x000000000800713a       0x1c ./Drivers/STM32F1xx_HAL_Driver/Src/stm32f1xx_hal_adc.o
                0x000000000800713a                ADC_DMAHalfConvCplt
 .text.ADC_DMAError
                0x0000000008007156       0x34 ./Drivers/STM32F1xx_HAL_Driver/Src/stm32f1xx_hal_adc.o
                0x0000000008007156                ADC_DMAError
 .text.HAL_CAN_Init
                0x000000000800718a      0x1f6 ./Drivers/STM32F1xx_HAL_Driver/Src/stm32f1xx_hal_can.o
                0x000000000800718a                HAL_CAN_Init
 .text.HAL_CAN_ConfigFilter
                0x0000000008007380      0x192 ./Drivers/STM32F1xx_HAL_Driver/Src/stm32f1xx_hal_can.o
                0x0000000008007380                HAL_CAN_ConfigFilter
 .text.HAL_CAN_Start
                0x0000000008007512       0x88 ./Drivers/STM32F1xx_HAL_Driver/Src/stm32f1xx_hal_can.o
                0x0000000008007512                HAL_CAN_Start
 .text.HAL_CAN_GetRxMessage
                0x000000000800759a      0x242 ./Drivers/STM32F1xx_HAL_Driver/Src/stm32f1xx_hal_can.o
                0x000000000800759a                HAL_CAN_GetRxMessage
 .text.HAL_CAN_ActivateNotification
                0x00000000080077dc       0x4a ./Drivers/STM32F1xx_HAL_Driver/Src/stm32f1xx_hal_can.o
                0x00000000080077dc                HAL_CAN_ActivateNotification
 .text.HAL_CAN_IRQHandler
                0x0000000008007826      0x36e ./Drivers/STM32F1xx_HAL_Driver/Src/stm32f1xx_hal_can.o
                0x0000000008007826                HAL_CAN_IRQHandler
 .text.HAL_CAN_TxMailbox0CompleteCallback
                0x0000000008007b94       0x12 ./Drivers/STM32F1xx_HAL_Driver/Src/stm32f1xx_hal_can.o
                0x0000000008007b94                HAL_CAN_TxMailbox0CompleteCallback
 .text.HAL_CAN_TxMailbox1CompleteCallback
                0x0000000008007ba6       0x12 ./Drivers/STM32F1xx_HAL_Driver/Src/stm32f1xx_hal_can.o
                0x0000000008007ba6                HAL_CAN_TxMailbox1CompleteCallback
 .text.HAL_CAN_TxMailbox2CompleteCallback
                0x0000000008007bb8       0x12 ./Drivers/STM32F1xx_HAL_Driver/Src/stm32f1xx_hal_can.o
                0x0000000008007bb8                HAL_CAN_TxMailbox2CompleteCallback
 .text.HAL_CAN_TxMailbox0AbortCallback
                0x0000000008007bca       0x12 ./Drivers/STM32F1xx_HAL_Driver/Src/stm32f1xx_hal_can.o
                0x0000000008007bca                HAL_CAN_TxMailbox0AbortCallback
 .text.HAL_CAN_TxMailbox1AbortCallback
                0x0000000008007bdc       0x12 ./Drivers/STM32F1xx_HAL_Driver/Src/stm32f1xx_hal_can.o
                0x0000000008007bdc                HAL_CAN_TxMailbox1AbortCallback
 .text.HAL_CAN_TxMailbox2AbortCallback
                0x0000000008007bee       0x12 ./Drivers/STM32F1xx_HAL_Driver/Src/stm32f1xx_hal_can.o
                0x0000000008007bee                HAL_CAN_TxMailbox2AbortCallback
 .text.HAL_CAN_RxFifo0FullCallback
                0x0000000008007c00       0x12 ./Drivers/STM32F1xx_HAL_Driver/Src/stm32f1xx_hal_can.o
                0x0000000008007c00                HAL_CAN_RxFifo0FullCallback
 .text.HAL_CAN_RxFifo1MsgPendingCallback
                0x0000000008007c12       0x12 ./Drivers/STM32F1xx_HAL_Driver/Src/stm32f1xx_hal_can.o
                0x0000000008007c12                HAL_CAN_RxFifo1MsgPendingCallback
 .text.HAL_CAN_RxFifo1FullCallback
                0x0000000008007c24       0x12 ./Drivers/STM32F1xx_HAL_Driver/Src/stm32f1xx_hal_can.o
                0x0000000008007c24                HAL_CAN_RxFifo1FullCallback
 .text.HAL_CAN_SleepCallback
                0x0000000008007c36       0x12 ./Drivers/STM32F1xx_HAL_Driver/Src/stm32f1xx_hal_can.o
                0x0000000008007c36                HAL_CAN_SleepCallback
 .text.HAL_CAN_WakeUpFromRxMsgCallback
                0x0000000008007c48       0x12 ./Drivers/STM32F1xx_HAL_Driver/Src/stm32f1xx_hal_can.o
                0x0000000008007c48                HAL_CAN_WakeUpFromRxMsgCallback
 *fill*         0x0000000008007c5a        0x2 
 .text.__NVIC_SetPriorityGrouping
                0x0000000008007c5c       0x48 ./Drivers/STM32F1xx_HAL_Driver/Src/stm32f1xx_hal_cortex.o
 .text.__NVIC_GetPriorityGrouping
                0x0000000008007ca4       0x1c ./Drivers/STM32F1xx_HAL_Driver/Src/stm32f1xx_hal_cortex.o
 .text.__NVIC_EnableIRQ
                0x0000000008007cc0       0x38 ./Drivers/STM32F1xx_HAL_Driver/Src/stm32f1xx_hal_cortex.o
 .text.__NVIC_SetPriority
                0x0000000008007cf8       0x54 ./Drivers/STM32F1xx_HAL_Driver/Src/stm32f1xx_hal_cortex.o
 .text.NVIC_EncodePriority
                0x0000000008007d4c       0x64 ./Drivers/STM32F1xx_HAL_Driver/Src/stm32f1xx_hal_cortex.o
 .text.SysTick_Config
                0x0000000008007db0       0x44 ./Drivers/STM32F1xx_HAL_Driver/Src/stm32f1xx_hal_cortex.o
 .text.HAL_NVIC_SetPriorityGrouping
                0x0000000008007df4       0x16 ./Drivers/STM32F1xx_HAL_Driver/Src/stm32f1xx_hal_cortex.o
                0x0000000008007df4                HAL_NVIC_SetPriorityGrouping
 .text.HAL_NVIC_SetPriority
                0x0000000008007e0a       0x38 ./Drivers/STM32F1xx_HAL_Driver/Src/stm32f1xx_hal_cortex.o
                0x0000000008007e0a                HAL_NVIC_SetPriority
 .text.HAL_NVIC_EnableIRQ
                0x0000000008007e42       0x1c ./Drivers/STM32F1xx_HAL_Driver/Src/stm32f1xx_hal_cortex.o
                0x0000000008007e42                HAL_NVIC_EnableIRQ
 .text.HAL_SYSTICK_Config
                0x0000000008007e5e       0x18 ./Drivers/STM32F1xx_HAL_Driver/Src/stm32f1xx_hal_cortex.o
                0x0000000008007e5e                HAL_SYSTICK_Config
 *fill*         0x0000000008007e76        0x2 
 .text.HAL_DMA_Init
                0x0000000008007e78       0xb4 ./Drivers/STM32F1xx_HAL_Driver/Src/stm32f1xx_hal_dma.o
                0x0000000008007e78                HAL_DMA_Init
 .text.HAL_DMA_Start_IT
                0x0000000008007f2c       0xc0 ./Drivers/STM32F1xx_HAL_Driver/Src/stm32f1xx_hal_dma.o
                0x0000000008007f2c                HAL_DMA_Start_IT
 .text.HAL_DMA_Abort
                0x0000000008007fec       0x76 ./Drivers/STM32F1xx_HAL_Driver/Src/stm32f1xx_hal_dma.o
                0x0000000008007fec                HAL_DMA_Abort
 *fill*         0x0000000008008062        0x2 
 .text.HAL_DMA_Abort_IT
                0x0000000008008064       0xf0 ./Drivers/STM32F1xx_HAL_Driver/Src/stm32f1xx_hal_dma.o
                0x0000000008008064                HAL_DMA_Abort_IT
 .text.HAL_DMA_IRQHandler
                0x0000000008008154      0x20c ./Drivers/STM32F1xx_HAL_Driver/Src/stm32f1xx_hal_dma.o
                0x0000000008008154                HAL_DMA_IRQHandler
 .text.DMA_SetConfig
                0x0000000008008360       0x5a ./Drivers/STM32F1xx_HAL_Driver/Src/stm32f1xx_hal_dma.o
 *fill*         0x00000000080083ba        0x2 
 .text.HAL_FLASH_Program
                0x00000000080083bc       0xe0 ./Drivers/STM32F1xx_HAL_Driver/Src/stm32f1xx_hal_flash.o
                0x00000000080083bc                HAL_FLASH_Program
 .text.HAL_FLASH_Unlock
                0x000000000800849c       0x4c ./Drivers/STM32F1xx_HAL_Driver/Src/stm32f1xx_hal_flash.o
                0x000000000800849c                HAL_FLASH_Unlock
 .text.HAL_FLASH_Lock
                0x00000000080084e8       0x20 ./Drivers/STM32F1xx_HAL_Driver/Src/stm32f1xx_hal_flash.o
                0x00000000080084e8                HAL_FLASH_Lock
 .text.FLASH_Program_HalfWord
                0x0000000008008508       0x38 ./Drivers/STM32F1xx_HAL_Driver/Src/stm32f1xx_hal_flash.o
 .text.FLASH_WaitForLastOperation
                0x0000000008008540       0x8c ./Drivers/STM32F1xx_HAL_Driver/Src/stm32f1xx_hal_flash.o
                0x0000000008008540                FLASH_WaitForLastOperation
 .text.FLASH_SetErrorCode
                0x00000000080085cc       0xa0 ./Drivers/STM32F1xx_HAL_Driver/Src/stm32f1xx_hal_flash.o
 .text.HAL_FLASHEx_Erase
                0x000000000800866c       0xd8 ./Drivers/STM32F1xx_HAL_Driver/Src/stm32f1xx_hal_flash_ex.o
                0x000000000800866c                HAL_FLASHEx_Erase
 .text.FLASH_MassErase
                0x0000000008008744       0x38 ./Drivers/STM32F1xx_HAL_Driver/Src/stm32f1xx_hal_flash_ex.o
 .text.FLASH_PageErase
                0x000000000800877c       0x40 ./Drivers/STM32F1xx_HAL_Driver/Src/stm32f1xx_hal_flash_ex.o
                0x000000000800877c                FLASH_PageErase
 .text.HAL_GPIO_Init
                0x00000000080087bc      0x308 ./Drivers/STM32F1xx_HAL_Driver/Src/stm32f1xx_hal_gpio.o
                0x00000000080087bc                HAL_GPIO_Init
 .text.HAL_GPIO_ReadPin
                0x0000000008008ac4       0x2e ./Drivers/STM32F1xx_HAL_Driver/Src/stm32f1xx_hal_gpio.o
                0x0000000008008ac4                HAL_GPIO_ReadPin
 .text.HAL_GPIO_WritePin
                0x0000000008008af2       0x30 ./Drivers/STM32F1xx_HAL_Driver/Src/stm32f1xx_hal_gpio.o
                0x0000000008008af2                HAL_GPIO_WritePin
 .text.HAL_GPIO_TogglePin
                0x0000000008008b22       0x32 ./Drivers/STM32F1xx_HAL_Driver/Src/stm32f1xx_hal_gpio.o
                0x0000000008008b22                HAL_GPIO_TogglePin
 .text.HAL_I2C_Init
                0x0000000008008b54      0x288 ./Drivers/STM32F1xx_HAL_Driver/Src/stm32f1xx_hal_i2c.o
                0x0000000008008b54                HAL_I2C_Init
 .text.HAL_PWR_EnableBkUpAccess
                0x0000000008008ddc       0x18 ./Drivers/STM32F1xx_HAL_Driver/Src/stm32f1xx_hal_pwr.o
                0x0000000008008ddc                HAL_PWR_EnableBkUpAccess
 .text.HAL_PWR_PVD_IRQHandler
                0x0000000008008df4       0x24 ./Drivers/STM32F1xx_HAL_Driver/Src/stm32f1xx_hal_pwr.o
                0x0000000008008df4                HAL_PWR_PVD_IRQHandler
 .text.HAL_RCC_OscConfig
                0x0000000008008e18      0x504 ./Drivers/STM32F1xx_HAL_Driver/Src/stm32f1xx_hal_rcc.o
                0x0000000008008e18                HAL_RCC_OscConfig
 .text.HAL_RCC_ClockConfig
                0x000000000800931c      0x1d4 ./Drivers/STM32F1xx_HAL_Driver/Src/stm32f1xx_hal_rcc.o
                0x000000000800931c                HAL_RCC_ClockConfig
 .text.HAL_RCC_GetSysClockFreq
                0x00000000080094f0       0xa8 ./Drivers/STM32F1xx_HAL_Driver/Src/stm32f1xx_hal_rcc.o
                0x00000000080094f0                HAL_RCC_GetSysClockFreq
 .text.HAL_RCC_GetHCLKFreq
                0x0000000008009598       0x14 ./Drivers/STM32F1xx_HAL_Driver/Src/stm32f1xx_hal_rcc.o
                0x0000000008009598                HAL_RCC_GetHCLKFreq
 .text.HAL_RCC_GetPCLK1Freq
                0x00000000080095ac       0x28 ./Drivers/STM32F1xx_HAL_Driver/Src/stm32f1xx_hal_rcc.o
                0x00000000080095ac                HAL_RCC_GetPCLK1Freq
 .text.HAL_RCC_GetPCLK2Freq
                0x00000000080095d4       0x28 ./Drivers/STM32F1xx_HAL_Driver/Src/stm32f1xx_hal_rcc.o
                0x00000000080095d4                HAL_RCC_GetPCLK2Freq
 .text.RCC_Delay
                0x00000000080095fc       0x3c ./Drivers/STM32F1xx_HAL_Driver/Src/stm32f1xx_hal_rcc.o
 .text.HAL_RCCEx_PeriphCLKConfig
                0x0000000008009638      0x16c ./Drivers/STM32F1xx_HAL_Driver/Src/stm32f1xx_hal_rcc_ex.o
                0x0000000008009638                HAL_RCCEx_PeriphCLKConfig
 .text.HAL_RCCEx_GetPeriphCLKFreq
                0x00000000080097a4      0x16c ./Drivers/STM32F1xx_HAL_Driver/Src/stm32f1xx_hal_rcc_ex.o
                0x00000000080097a4                HAL_RCCEx_GetPeriphCLKFreq
 .text.HAL_RTC_Init
                0x0000000008009910      0x118 ./Drivers/STM32F1xx_HAL_Driver/Src/stm32f1xx_hal_rtc.o
                0x0000000008009910                HAL_RTC_Init
 .text.HAL_RTC_WaitForSynchro
                0x0000000008009a28       0x5a ./Drivers/STM32F1xx_HAL_Driver/Src/stm32f1xx_hal_rtc.o
                0x0000000008009a28                HAL_RTC_WaitForSynchro
 .text.RTC_EnterInitMode
                0x0000000008009a82       0x50 ./Drivers/STM32F1xx_HAL_Driver/Src/stm32f1xx_hal_rtc.o
 .text.RTC_ExitInitMode
                0x0000000008009ad2       0x50 ./Drivers/STM32F1xx_HAL_Driver/Src/stm32f1xx_hal_rtc.o
 .text.HAL_SPI_Init
                0x0000000008009b22      0x108 ./Drivers/STM32F1xx_HAL_Driver/Src/stm32f1xx_hal_spi.o
                0x0000000008009b22                HAL_SPI_Init
 .text.HAL_SPI_Transmit
                0x0000000008009c2a      0x286 ./Drivers/STM32F1xx_HAL_Driver/Src/stm32f1xx_hal_spi.o
                0x0000000008009c2a                HAL_SPI_Transmit
 .text.HAL_SPI_TransmitReceive
                0x0000000008009eb0      0x360 ./Drivers/STM32F1xx_HAL_Driver/Src/stm32f1xx_hal_spi.o
                0x0000000008009eb0                HAL_SPI_TransmitReceive
 .text.SPI_WaitFlagStateUntilTimeout
                0x000000000800a210      0x110 ./Drivers/STM32F1xx_HAL_Driver/Src/stm32f1xx_hal_spi.o
 .text.SPI_EndRxTxTransaction
                0x000000000800a320       0x3c ./Drivers/STM32F1xx_HAL_Driver/Src/stm32f1xx_hal_spi.o
 .text.HAL_TIM_Base_Init
                0x000000000800a35c       0x9e ./Drivers/STM32F1xx_HAL_Driver/Src/stm32f1xx_hal_tim.o
                0x000000000800a35c                HAL_TIM_Base_Init
 *fill*         0x000000000800a3fa        0x2 
 .text.HAL_TIM_Base_Start_IT
                0x000000000800a3fc       0xa4 ./Drivers/STM32F1xx_HAL_Driver/Src/stm32f1xx_hal_tim.o
                0x000000000800a3fc                HAL_TIM_Base_Start_IT
 .text.HAL_TIM_PWM_Init
                0x000000000800a4a0       0x9e ./Drivers/STM32F1xx_HAL_Driver/Src/stm32f1xx_hal_tim.o
                0x000000000800a4a0                HAL_TIM_PWM_Init
 .text.HAL_TIM_PWM_MspInit
                0x000000000800a53e       0x12 ./Drivers/STM32F1xx_HAL_Driver/Src/stm32f1xx_hal_tim.o
                0x000000000800a53e                HAL_TIM_PWM_MspInit
 .text.HAL_TIM_PWM_Start
                0x000000000800a550      0x144 ./Drivers/STM32F1xx_HAL_Driver/Src/stm32f1xx_hal_tim.o
                0x000000000800a550                HAL_TIM_PWM_Start
 .text.HAL_TIM_PWM_Stop
                0x000000000800a694       0xc8 ./Drivers/STM32F1xx_HAL_Driver/Src/stm32f1xx_hal_tim.o
                0x000000000800a694                HAL_TIM_PWM_Stop
 .text.HAL_TIM_IRQHandler
                0x000000000800a75c      0x210 ./Drivers/STM32F1xx_HAL_Driver/Src/stm32f1xx_hal_tim.o
                0x000000000800a75c                HAL_TIM_IRQHandler
 .text.HAL_TIM_PWM_ConfigChannel
                0x000000000800a96c      0x184 ./Drivers/STM32F1xx_HAL_Driver/Src/stm32f1xx_hal_tim.o
                0x000000000800a96c                HAL_TIM_PWM_ConfigChannel
 .text.HAL_TIM_ConfigClockSource
                0x000000000800aaf0      0x18e ./Drivers/STM32F1xx_HAL_Driver/Src/stm32f1xx_hal_tim.o
                0x000000000800aaf0                HAL_TIM_ConfigClockSource
 .text.HAL_TIM_OC_DelayElapsedCallback
                0x000000000800ac7e       0x12 ./Drivers/STM32F1xx_HAL_Driver/Src/stm32f1xx_hal_tim.o
                0x000000000800ac7e                HAL_TIM_OC_DelayElapsedCallback
 .text.HAL_TIM_IC_CaptureCallback
                0x000000000800ac90       0x12 ./Drivers/STM32F1xx_HAL_Driver/Src/stm32f1xx_hal_tim.o
                0x000000000800ac90                HAL_TIM_IC_CaptureCallback
 .text.HAL_TIM_PWM_PulseFinishedCallback
                0x000000000800aca2       0x12 ./Drivers/STM32F1xx_HAL_Driver/Src/stm32f1xx_hal_tim.o
                0x000000000800aca2                HAL_TIM_PWM_PulseFinishedCallback
 .text.HAL_TIM_TriggerCallback
                0x000000000800acb4       0x12 ./Drivers/STM32F1xx_HAL_Driver/Src/stm32f1xx_hal_tim.o
                0x000000000800acb4                HAL_TIM_TriggerCallback
 *fill*         0x000000000800acc6        0x2 
 .text.TIM_Base_SetConfig
                0x000000000800acc8       0xc4 ./Drivers/STM32F1xx_HAL_Driver/Src/stm32f1xx_hal_tim.o
                0x000000000800acc8                TIM_Base_SetConfig
 .text.TIM_OC1_SetConfig
                0x000000000800ad8c       0xcc ./Drivers/STM32F1xx_HAL_Driver/Src/stm32f1xx_hal_tim.o
 .text.TIM_OC2_SetConfig
                0x000000000800ae58       0xd4 ./Drivers/STM32F1xx_HAL_Driver/Src/stm32f1xx_hal_tim.o
                0x000000000800ae58                TIM_OC2_SetConfig
 .text.TIM_OC3_SetConfig
                0x000000000800af2c       0xd4 ./Drivers/STM32F1xx_HAL_Driver/Src/stm32f1xx_hal_tim.o
 .text.TIM_OC4_SetConfig
                0x000000000800b000       0x9c ./Drivers/STM32F1xx_HAL_Driver/Src/stm32f1xx_hal_tim.o
 .text.TIM_TI1_ConfigInputStage
                0x000000000800b09c       0x5c ./Drivers/STM32F1xx_HAL_Driver/Src/stm32f1xx_hal_tim.o
 .text.TIM_TI2_ConfigInputStage
                0x000000000800b0f8       0x5e ./Drivers/STM32F1xx_HAL_Driver/Src/stm32f1xx_hal_tim.o
 .text.TIM_ITRx_SetConfig
                0x000000000800b156       0x34 ./Drivers/STM32F1xx_HAL_Driver/Src/stm32f1xx_hal_tim.o
 .text.TIM_ETR_SetConfig
                0x000000000800b18a       0x3e ./Drivers/STM32F1xx_HAL_Driver/Src/stm32f1xx_hal_tim.o
                0x000000000800b18a                TIM_ETR_SetConfig
 .text.TIM_CCxChannelCmd
                0x000000000800b1c8       0x48 ./Drivers/STM32F1xx_HAL_Driver/Src/stm32f1xx_hal_tim.o
                0x000000000800b1c8                TIM_CCxChannelCmd
 .text.HAL_TIMEx_MasterConfigSynchronization
                0x000000000800b210       0xbc ./Drivers/STM32F1xx_HAL_Driver/Src/stm32f1xx_hal_tim_ex.o
                0x000000000800b210                HAL_TIMEx_MasterConfigSynchronization
 .text.HAL_TIMEx_CommutCallback
                0x000000000800b2cc       0x12 ./Drivers/STM32F1xx_HAL_Driver/Src/stm32f1xx_hal_tim_ex.o
                0x000000000800b2cc                HAL_TIMEx_CommutCallback
 .text.HAL_TIMEx_BreakCallback
                0x000000000800b2de       0x12 ./Drivers/STM32F1xx_HAL_Driver/Src/stm32f1xx_hal_tim_ex.o
                0x000000000800b2de                HAL_TIMEx_BreakCallback
 .text.HAL_UART_Init
                0x000000000800b2f0       0xa0 ./Drivers/STM32F1xx_HAL_Driver/Src/stm32f1xx_hal_uart.o
                0x000000000800b2f0                HAL_UART_Init
 .text.HAL_UART_Transmit
                0x000000000800b390      0x106 ./Drivers/STM32F1xx_HAL_Driver/Src/stm32f1xx_hal_uart.o
                0x000000000800b390                HAL_UART_Transmit
 .text.HAL_UART_Receive_IT
                0x000000000800b496       0x4a ./Drivers/STM32F1xx_HAL_Driver/Src/stm32f1xx_hal_uart.o
                0x000000000800b496                HAL_UART_Receive_IT
 .text.HAL_UART_IRQHandler
                0x000000000800b4e0      0x524 ./Drivers/STM32F1xx_HAL_Driver/Src/stm32f1xx_hal_uart.o
                0x000000000800b4e0                HAL_UART_IRQHandler
 .text.HAL_UART_TxCpltCallback
                0x000000000800ba04       0x12 ./Drivers/STM32F1xx_HAL_Driver/Src/stm32f1xx_hal_uart.o
                0x000000000800ba04                HAL_UART_TxCpltCallback
 .text.HAL_UART_ErrorCallback
                0x000000000800ba16       0x12 ./Drivers/STM32F1xx_HAL_Driver/Src/stm32f1xx_hal_uart.o
                0x000000000800ba16                HAL_UART_ErrorCallback
 .text.HAL_UARTEx_RxEventCallback
                0x000000000800ba28       0x16 ./Drivers/STM32F1xx_HAL_Driver/Src/stm32f1xx_hal_uart.o
                0x000000000800ba28                HAL_UARTEx_RxEventCallback
 .text.UART_WaitOnFlagUntilTimeout
                0x000000000800ba3e       0xdc ./Drivers/STM32F1xx_HAL_Driver/Src/stm32f1xx_hal_uart.o
 .text.UART_Start_Receive_IT
                0x000000000800bb1a       0x72 ./Drivers/STM32F1xx_HAL_Driver/Src/stm32f1xx_hal_uart.o
                0x000000000800bb1a                UART_Start_Receive_IT
 .text.UART_EndRxTransfer
                0x000000000800bb8c       0xc4 ./Drivers/STM32F1xx_HAL_Driver/Src/stm32f1xx_hal_uart.o
 .text.UART_DMAAbortOnError
                0x000000000800bc50       0x28 ./Drivers/STM32F1xx_HAL_Driver/Src/stm32f1xx_hal_uart.o
 .text.UART_Transmit_IT
                0x000000000800bc78       0x9e ./Drivers/STM32F1xx_HAL_Driver/Src/stm32f1xx_hal_uart.o
 .text.UART_EndTransmit_IT
                0x000000000800bd16       0x30 ./Drivers/STM32F1xx_HAL_Driver/Src/stm32f1xx_hal_uart.o
 .text.UART_Receive_IT
                0x000000000800bd46      0x17c ./Drivers/STM32F1xx_HAL_Driver/Src/stm32f1xx_hal_uart.o
 *fill*         0x000000000800bec2        0x2 
 .text.UART_SetConfig
                0x000000000800bec4      0x11c ./Drivers/STM32F1xx_HAL_Driver/Src/stm32f1xx_hal_uart.o
 .text.std      0x000000000800bfe0       0x48 C:/ST/STM32CubeIDE_1.13.0/STM32CubeIDE/plugins/com.st.stm32cube.ide.mcu.externaltools.gnu-tools-for-stm32.11.3.rel1.win32_1.1.0.202305231506/tools/bin/../lib/gcc/arm-none-eabi/11.3.1/../../../../arm-none-eabi/lib/thumb/v7-m/nofp\libc_nano.a(libc_a-findfp.o)
 .text.stdio_exit_handler
                0x000000000800c028       0x18 C:/ST/STM32CubeIDE_1.13.0/STM32CubeIDE/plugins/com.st.stm32cube.ide.mcu.externaltools.gnu-tools-for-stm32.11.3.rel1.win32_1.1.0.202305231506/tools/bin/../lib/gcc/arm-none-eabi/11.3.1/../../../../arm-none-eabi/lib/thumb/v7-m/nofp\libc_nano.a(libc_a-findfp.o)
 .text.cleanup_stdio
                0x000000000800c040       0x40 C:/ST/STM32CubeIDE_1.13.0/STM32CubeIDE/plugins/com.st.stm32cube.ide.mcu.externaltools.gnu-tools-for-stm32.11.3.rel1.win32_1.1.0.202305231506/tools/bin/../lib/gcc/arm-none-eabi/11.3.1/../../../../arm-none-eabi/lib/thumb/v7-m/nofp\libc_nano.a(libc_a-findfp.o)
 .text.global_stdio_init.part.0
                0x000000000800c080       0x3c C:/ST/STM32CubeIDE_1.13.0/STM32CubeIDE/plugins/com.st.stm32cube.ide.mcu.externaltools.gnu-tools-for-stm32.11.3.rel1.win32_1.1.0.202305231506/tools/bin/../lib/gcc/arm-none-eabi/11.3.1/../../../../arm-none-eabi/lib/thumb/v7-m/nofp\libc_nano.a(libc_a-findfp.o)
 .text.__sfp_lock_acquire
                0x000000000800c0bc        0xc C:/ST/STM32CubeIDE_1.13.0/STM32CubeIDE/plugins/com.st.stm32cube.ide.mcu.externaltools.gnu-tools-for-stm32.11.3.rel1.win32_1.1.0.202305231506/tools/bin/../lib/gcc/arm-none-eabi/11.3.1/../../../../arm-none-eabi/lib/thumb/v7-m/nofp\libc_nano.a(libc_a-findfp.o)
                0x000000000800c0bc                __sfp_lock_acquire
 .text.__sfp_lock_release
                0x000000000800c0c8        0xc C:/ST/STM32CubeIDE_1.13.0/STM32CubeIDE/plugins/com.st.stm32cube.ide.mcu.externaltools.gnu-tools-for-stm32.11.3.rel1.win32_1.1.0.202305231506/tools/bin/../lib/gcc/arm-none-eabi/11.3.1/../../../../arm-none-eabi/lib/thumb/v7-m/nofp\libc_nano.a(libc_a-findfp.o)
                0x000000000800c0c8                __sfp_lock_release
 .text.__sinit  0x000000000800c0d4       0x30 C:/ST/STM32CubeIDE_1.13.0/STM32CubeIDE/plugins/com.st.stm32cube.ide.mcu.externaltools.gnu-tools-for-stm32.11.3.rel1.win32_1.1.0.202305231506/tools/bin/../lib/gcc/arm-none-eabi/11.3.1/../../../../arm-none-eabi/lib/thumb/v7-m/nofp\libc_nano.a(libc_a-findfp.o)
                0x000000000800c0d4                __sinit
 .text._fwalk_sglue
                0x000000000800c104       0x3c C:/ST/STM32CubeIDE_1.13.0/STM32CubeIDE/plugins/com.st.stm32cube.ide.mcu.externaltools.gnu-tools-for-stm32.11.3.rel1.win32_1.1.0.202305231506/tools/bin/../lib/gcc/arm-none-eabi/11.3.1/../../../../arm-none-eabi/lib/thumb/v7-m/nofp\libc_nano.a(libc_a-fwalk.o)
                0x000000000800c104                _fwalk_sglue
 .text.printf   0x000000000800c140       0x24 C:/ST/STM32CubeIDE_1.13.0/STM32CubeIDE/plugins/com.st.stm32cube.ide.mcu.externaltools.gnu-tools-for-stm32.11.3.rel1.win32_1.1.0.202305231506/tools/bin/../lib/gcc/arm-none-eabi/11.3.1/../../../../arm-none-eabi/lib/thumb/v7-m/nofp\libc_nano.a(libc_a-printf.o)
                0x000000000800c140                iprintf
                0x000000000800c140                printf
 .text.putchar  0x000000000800c164       0x10 C:/ST/STM32CubeIDE_1.13.0/STM32CubeIDE/plugins/com.st.stm32cube.ide.mcu.externaltools.gnu-tools-for-stm32.11.3.rel1.win32_1.1.0.202305231506/tools/bin/../lib/gcc/arm-none-eabi/11.3.1/../../../../arm-none-eabi/lib/thumb/v7-m/nofp\libc_nano.a(libc_a-putchar.o)
                0x000000000800c164                putchar
 .text._puts_r  0x000000000800c174       0xa8 C:/ST/STM32CubeIDE_1.13.0/STM32CubeIDE/plugins/com.st.stm32cube.ide.mcu.externaltools.gnu-tools-for-stm32.11.3.rel1.win32_1.1.0.202305231506/tools/bin/../lib/gcc/arm-none-eabi/11.3.1/../../../../arm-none-eabi/lib/thumb/v7-m/nofp\libc_nano.a(libc_a-puts.o)
                0x000000000800c174                _puts_r
 .text.puts     0x000000000800c21c       0x10 C:/ST/STM32CubeIDE_1.13.0/STM32CubeIDE/plugins/com.st.stm32cube.ide.mcu.externaltools.gnu-tools-for-stm32.11.3.rel1.win32_1.1.0.202305231506/tools/bin/../lib/gcc/arm-none-eabi/11.3.1/../../../../arm-none-eabi/lib/thumb/v7-m/nofp\libc_nano.a(libc_a-puts.o)
                0x000000000800c21c                puts
 .text.sprintf  0x000000000800c22c       0x40 C:/ST/STM32CubeIDE_1.13.0/STM32CubeIDE/plugins/com.st.stm32cube.ide.mcu.externaltools.gnu-tools-for-stm32.11.3.rel1.win32_1.1.0.202305231506/tools/bin/../lib/gcc/arm-none-eabi/11.3.1/../../../../arm-none-eabi/lib/thumb/v7-m/nofp\libc_nano.a(libc_a-sprintf.o)
                0x000000000800c22c                siprintf
                0x000000000800c22c                sprintf
 .text.__sread  0x000000000800c26c       0x22 C:/ST/STM32CubeIDE_1.13.0/STM32CubeIDE/plugins/com.st.stm32cube.ide.mcu.externaltools.gnu-tools-for-stm32.11.3.rel1.win32_1.1.0.202305231506/tools/bin/../lib/gcc/arm-none-eabi/11.3.1/../../../../arm-none-eabi/lib/thumb/v7-m/nofp\libc_nano.a(libc_a-stdio.o)
                0x000000000800c26c                __sread
 .text.__swrite
                0x000000000800c28e       0x38 C:/ST/STM32CubeIDE_1.13.0/STM32CubeIDE/plugins/com.st.stm32cube.ide.mcu.externaltools.gnu-tools-for-stm32.11.3.rel1.win32_1.1.0.202305231506/tools/bin/../lib/gcc/arm-none-eabi/11.3.1/../../../../arm-none-eabi/lib/thumb/v7-m/nofp\libc_nano.a(libc_a-stdio.o)
                0x000000000800c28e                __swrite
 .text.__sseek  0x000000000800c2c6       0x24 C:/ST/STM32CubeIDE_1.13.0/STM32CubeIDE/plugins/com.st.stm32cube.ide.mcu.externaltools.gnu-tools-for-stm32.11.3.rel1.win32_1.1.0.202305231506/tools/bin/../lib/gcc/arm-none-eabi/11.3.1/../../../../arm-none-eabi/lib/thumb/v7-m/nofp\libc_nano.a(libc_a-stdio.o)
                0x000000000800c2c6                __sseek
 .text.__sclose
                0x000000000800c2ea        0x8 C:/ST/STM32CubeIDE_1.13.0/STM32CubeIDE/plugins/com.st.stm32cube.ide.mcu.externaltools.gnu-tools-for-stm32.11.3.rel1.win32_1.1.0.202305231506/tools/bin/../lib/gcc/arm-none-eabi/11.3.1/../../../../arm-none-eabi/lib/thumb/v7-m/nofp\libc_nano.a(libc_a-stdio.o)
                0x000000000800c2ea                __sclose
 .text.__swbuf_r
                0x000000000800c2f2       0x7a C:/ST/STM32CubeIDE_1.13.0/STM32CubeIDE/plugins/com.st.stm32cube.ide.mcu.externaltools.gnu-tools-for-stm32.11.3.rel1.win32_1.1.0.202305231506/tools/bin/../lib/gcc/arm-none-eabi/11.3.1/../../../../arm-none-eabi/lib/thumb/v7-m/nofp\libc_nano.a(libc_a-wbuf.o)
                0x000000000800c2f2                __swbuf_r
 .text.__swsetup_r
                0x000000000800c36c       0xb0 C:/ST/STM32CubeIDE_1.13.0/STM32CubeIDE/plugins/com.st.stm32cube.ide.mcu.externaltools.gnu-tools-for-stm32.11.3.rel1.win32_1.1.0.202305231506/tools/bin/../lib/gcc/arm-none-eabi/11.3.1/../../../../arm-none-eabi/lib/thumb/v7-m/nofp\libc_nano.a(libc_a-wsetup.o)
                0x000000000800c36c                __swsetup_r
 .text.memset   0x000000000800c41c       0x10 C:/ST/STM32CubeIDE_1.13.0/STM32CubeIDE/plugins/com.st.stm32cube.ide.mcu.externaltools.gnu-tools-for-stm32.11.3.rel1.win32_1.1.0.202305231506/tools/bin/../lib/gcc/arm-none-eabi/11.3.1/../../../../arm-none-eabi/lib/thumb/v7-m/nofp\libc_nano.a(libc_a-memset.o)
                0x000000000800c41c                memset
 .text._close_r
                0x000000000800c42c       0x20 C:/ST/STM32CubeIDE_1.13.0/STM32CubeIDE/plugins/com.st.stm32cube.ide.mcu.externaltools.gnu-tools-for-stm32.11.3.rel1.win32_1.1.0.202305231506/tools/bin/../lib/gcc/arm-none-eabi/11.3.1/../../../../arm-none-eabi/lib/thumb/v7-m/nofp\libc_nano.a(libc_a-closer.o)
                0x000000000800c42c                _close_r
 .text._lseek_r
                0x000000000800c44c       0x24 C:/ST/STM32CubeIDE_1.13.0/STM32CubeIDE/plugins/com.st.stm32cube.ide.mcu.externaltools.gnu-tools-for-stm32.11.3.rel1.win32_1.1.0.202305231506/tools/bin/../lib/gcc/arm-none-eabi/11.3.1/../../../../arm-none-eabi/lib/thumb/v7-m/nofp\libc_nano.a(libc_a-lseekr.o)
                0x000000000800c44c                _lseek_r
 .text._read_r  0x000000000800c470       0x24 C:/ST/STM32CubeIDE_1.13.0/STM32CubeIDE/plugins/com.st.stm32cube.ide.mcu.externaltools.gnu-tools-for-stm32.11.3.rel1.win32_1.1.0.202305231506/tools/bin/../lib/gcc/arm-none-eabi/11.3.1/../../../../arm-none-eabi/lib/thumb/v7-m/nofp\libc_nano.a(libc_a-readr.o)
                0x000000000800c470                _read_r
 .text._write_r
                0x000000000800c494       0x24 C:/ST/STM32CubeIDE_1.13.0/STM32CubeIDE/plugins/com.st.stm32cube.ide.mcu.externaltools.gnu-tools-for-stm32.11.3.rel1.win32_1.1.0.202305231506/tools/bin/../lib/gcc/arm-none-eabi/11.3.1/../../../../arm-none-eabi/lib/thumb/v7-m/nofp\libc_nano.a(libc_a-writer.o)
                0x000000000800c494                _write_r
 .text.__errno  0x000000000800c4b8        0xc C:/ST/STM32CubeIDE_1.13.0/STM32CubeIDE/plugins/com.st.stm32cube.ide.mcu.externaltools.gnu-tools-for-stm32.11.3.rel1.win32_1.1.0.202305231506/tools/bin/../lib/gcc/arm-none-eabi/11.3.1/../../../../arm-none-eabi/lib/thumb/v7-m/nofp\libc_nano.a(libc_a-errno.o)
                0x000000000800c4b8                __errno
 .text.__libc_init_array
                0x000000000800c4c4       0x48 C:/ST/STM32CubeIDE_1.13.0/STM32CubeIDE/plugins/com.st.stm32cube.ide.mcu.externaltools.gnu-tools-for-stm32.11.3.rel1.win32_1.1.0.202305231506/tools/bin/../lib/gcc/arm-none-eabi/11.3.1/../../../../arm-none-eabi/lib/thumb/v7-m/nofp\libc_nano.a(libc_a-init.o)
                0x000000000800c4c4                __libc_init_array
 .text.__retarget_lock_acquire_recursive
                0x000000000800c50c        0x2 C:/ST/STM32CubeIDE_1.13.0/STM32CubeIDE/plugins/com.st.stm32cube.ide.mcu.externaltools.gnu-tools-for-stm32.11.3.rel1.win32_1.1.0.202305231506/tools/bin/../lib/gcc/arm-none-eabi/11.3.1/../../../../arm-none-eabi/lib/thumb/v7-m/nofp\libc_nano.a(libc_a-lock.o)
                0x000000000800c50c                __retarget_lock_acquire_recursive
 .text.__retarget_lock_release_recursive
                0x000000000800c50e        0x2 C:/ST/STM32CubeIDE_1.13.0/STM32CubeIDE/plugins/com.st.stm32cube.ide.mcu.externaltools.gnu-tools-for-stm32.11.3.rel1.win32_1.1.0.202305231506/tools/bin/../lib/gcc/arm-none-eabi/11.3.1/../../../../arm-none-eabi/lib/thumb/v7-m/nofp\libc_nano.a(libc_a-lock.o)
                0x000000000800c50e                __retarget_lock_release_recursive
 .text.memcpy   0x000000000800c510       0x1c C:/ST/STM32CubeIDE_1.13.0/STM32CubeIDE/plugins/com.st.stm32cube.ide.mcu.externaltools.gnu-tools-for-stm32.11.3.rel1.win32_1.1.0.202305231506/tools/bin/../lib/gcc/arm-none-eabi/11.3.1/../../../../arm-none-eabi/lib/thumb/v7-m/nofp\libc_nano.a(libc_a-memcpy-stub.o)
                0x000000000800c510                memcpy
 .text._free_r  0x000000000800c52c       0x90 C:/ST/STM32CubeIDE_1.13.0/STM32CubeIDE/plugins/com.st.stm32cube.ide.mcu.externaltools.gnu-tools-for-stm32.11.3.rel1.win32_1.1.0.202305231506/tools/bin/../lib/gcc/arm-none-eabi/11.3.1/../../../../arm-none-eabi/lib/thumb/v7-m/nofp\libc_nano.a(libc_a-freer.o)
                0x000000000800c52c                _free_r
 .text.sbrk_aligned
                0x000000000800c5bc       0x40 C:/ST/STM32CubeIDE_1.13.0/STM32CubeIDE/plugins/com.st.stm32cube.ide.mcu.externaltools.gnu-tools-for-stm32.11.3.rel1.win32_1.1.0.202305231506/tools/bin/../lib/gcc/arm-none-eabi/11.3.1/../../../../arm-none-eabi/lib/thumb/v7-m/nofp\libc_nano.a(libc_a-mallocr.o)
 .text._malloc_r
                0x000000000800c5fc      0x100 C:/ST/STM32CubeIDE_1.13.0/STM32CubeIDE/plugins/com.st.stm32cube.ide.mcu.externaltools.gnu-tools-for-stm32.11.3.rel1.win32_1.1.0.202305231506/tools/bin/../lib/gcc/arm-none-eabi/11.3.1/../../../../arm-none-eabi/lib/thumb/v7-m/nofp\libc_nano.a(libc_a-mallocr.o)
                0x000000000800c5fc                _malloc_r
 .text.__malloc_lock
                0x000000000800c6fc        0xc C:/ST/STM32CubeIDE_1.13.0/STM32CubeIDE/plugins/com.st.stm32cube.ide.mcu.externaltools.gnu-tools-for-stm32.11.3.rel1.win32_1.1.0.202305231506/tools/bin/../lib/gcc/arm-none-eabi/11.3.1/../../../../arm-none-eabi/lib/thumb/v7-m/nofp\libc_nano.a(libc_a-mlock.o)
                0x000000000800c6fc                __malloc_lock
 .text.__malloc_unlock
                0x000000000800c708        0xc C:/ST/STM32CubeIDE_1.13.0/STM32CubeIDE/plugins/com.st.stm32cube.ide.mcu.externaltools.gnu-tools-for-stm32.11.3.rel1.win32_1.1.0.202305231506/tools/bin/../lib/gcc/arm-none-eabi/11.3.1/../../../../arm-none-eabi/lib/thumb/v7-m/nofp\libc_nano.a(libc_a-mlock.o)
                0x000000000800c708                __malloc_unlock
 .text.__ssputs_r
                0x000000000800c714       0xb4 C:/ST/STM32CubeIDE_1.13.0/STM32CubeIDE/plugins/com.st.stm32cube.ide.mcu.externaltools.gnu-tools-for-stm32.11.3.rel1.win32_1.1.0.202305231506/tools/bin/../lib/gcc/arm-none-eabi/11.3.1/../../../../arm-none-eabi/lib/thumb/v7-m/nofp\libc_nano.a(libc_a-nano-svfprintf.o)
                0x000000000800c714                __ssputs_r
 .text._svfprintf_r
                0x000000000800c7c8      0x1fc C:/ST/STM32CubeIDE_1.13.0/STM32CubeIDE/plugins/com.st.stm32cube.ide.mcu.externaltools.gnu-tools-for-stm32.11.3.rel1.win32_1.1.0.202305231506/tools/bin/../lib/gcc/arm-none-eabi/11.3.1/../../../../arm-none-eabi/lib/thumb/v7-m/nofp\libc_nano.a(libc_a-nano-svfprintf.o)
                0x000000000800c7c8                _svfiprintf_r
                0x000000000800c7c8                _svfprintf_r
 .text.__sfputc_r
                0x000000000800c9c4       0x2a C:/ST/STM32CubeIDE_1.13.0/STM32CubeIDE/plugins/com.st.stm32cube.ide.mcu.externaltools.gnu-tools-for-stm32.11.3.rel1.win32_1.1.0.202305231506/tools/bin/../lib/gcc/arm-none-eabi/11.3.1/../../../../arm-none-eabi/lib/thumb/v7-m/nofp\libc_nano.a(libc_a-nano-vfprintf.o)
 .text.__sfputs_r
                0x000000000800c9ee       0x24 C:/ST/STM32CubeIDE_1.13.0/STM32CubeIDE/plugins/com.st.stm32cube.ide.mcu.externaltools.gnu-tools-for-stm32.11.3.rel1.win32_1.1.0.202305231506/tools/bin/../lib/gcc/arm-none-eabi/11.3.1/../../../../arm-none-eabi/lib/thumb/v7-m/nofp\libc_nano.a(libc_a-nano-vfprintf.o)
                0x000000000800c9ee                __sfputs_r
 *fill*         0x000000000800ca12        0x2 
 .text._vfprintf_r
                0x000000000800ca14      0x234 C:/ST/STM32CubeIDE_1.13.0/STM32CubeIDE/plugins/com.st.stm32cube.ide.mcu.externaltools.gnu-tools-for-stm32.11.3.rel1.win32_1.1.0.202305231506/tools/bin/../lib/gcc/arm-none-eabi/11.3.1/../../../../arm-none-eabi/lib/thumb/v7-m/nofp\libc_nano.a(libc_a-nano-vfprintf.o)
                0x000000000800ca14                _vfprintf_r
                0x000000000800ca14                _vfiprintf_r
 .text._printf_common
                0x000000000800cc48       0xe4 C:/ST/STM32CubeIDE_1.13.0/STM32CubeIDE/plugins/com.st.stm32cube.ide.mcu.externaltools.gnu-tools-for-stm32.11.3.rel1.win32_1.1.0.202305231506/tools/bin/../lib/gcc/arm-none-eabi/11.3.1/../../../../arm-none-eabi/lib/thumb/v7-m/nofp\libc_nano.a(libc_a-nano-vfprintf_i.o)
                0x000000000800cc48                _printf_common
 .text._printf_i
                0x000000000800cd2c      0x244 C:/ST/STM32CubeIDE_1.13.0/STM32CubeIDE/plugins/com.st.stm32cube.ide.mcu.externaltools.gnu-tools-for-stm32.11.3.rel1.win32_1.1.0.202305231506/tools/bin/../lib/gcc/arm-none-eabi/11.3.1/../../../../arm-none-eabi/lib/thumb/v7-m/nofp\libc_nano.a(libc_a-nano-vfprintf_i.o)
                0x000000000800cd2c                _printf_i
 .text.__sflush_r
                0x000000000800cf70      0x104 C:/ST/STM32CubeIDE_1.13.0/STM32CubeIDE/plugins/com.st.stm32cube.ide.mcu.externaltools.gnu-tools-for-stm32.11.3.rel1.win32_1.1.0.202305231506/tools/bin/../lib/gcc/arm-none-eabi/11.3.1/../../../../arm-none-eabi/lib/thumb/v7-m/nofp\libc_nano.a(libc_a-fflush.o)
                0x000000000800cf70                __sflush_r
 .text._fflush_r
                0x000000000800d074       0x50 C:/ST/STM32CubeIDE_1.13.0/STM32CubeIDE/plugins/com.st.stm32cube.ide.mcu.externaltools.gnu-tools-for-stm32.11.3.rel1.win32_1.1.0.202305231506/tools/bin/../lib/gcc/arm-none-eabi/11.3.1/../../../../arm-none-eabi/lib/thumb/v7-m/nofp\libc_nano.a(libc_a-fflush.o)
                0x000000000800d074                _fflush_r
 .text.__swhatbuf_r
                0x000000000800d0c4       0x4a C:/ST/STM32CubeIDE_1.13.0/STM32CubeIDE/plugins/com.st.stm32cube.ide.mcu.externaltools.gnu-tools-for-stm32.11.3.rel1.win32_1.1.0.202305231506/tools/bin/../lib/gcc/arm-none-eabi/11.3.1/../../../../arm-none-eabi/lib/thumb/v7-m/nofp\libc_nano.a(libc_a-makebuf.o)
                0x000000000800d0c4                __swhatbuf_r
 .text.__smakebuf_r
                0x000000000800d10e       0x78 C:/ST/STM32CubeIDE_1.13.0/STM32CubeIDE/plugins/com.st.stm32cube.ide.mcu.externaltools.gnu-tools-for-stm32.11.3.rel1.win32_1.1.0.202305231506/tools/bin/../lib/gcc/arm-none-eabi/11.3.1/../../../../arm-none-eabi/lib/thumb/v7-m/nofp\libc_nano.a(libc_a-makebuf.o)
                0x000000000800d10e                __smakebuf_r
 .text._putc_r  0x000000000800d186       0x68 C:/ST/STM32CubeIDE_1.13.0/STM32CubeIDE/plugins/com.st.stm32cube.ide.mcu.externaltools.gnu-tools-for-stm32.11.3.rel1.win32_1.1.0.202305231506/tools/bin/../lib/gcc/arm-none-eabi/11.3.1/../../../../arm-none-eabi/lib/thumb/v7-m/nofp\libc_nano.a(libc_a-putc.o)
                0x000000000800d186                _putc_r
 .text.memmove  0x000000000800d1ee       0x34 C:/ST/STM32CubeIDE_1.13.0/STM32CubeIDE/plugins/com.st.stm32cube.ide.mcu.externaltools.gnu-tools-for-stm32.11.3.rel1.win32_1.1.0.202305231506/tools/bin/../lib/gcc/arm-none-eabi/11.3.1/../../../../arm-none-eabi/lib/thumb/v7-m/nofp\libc_nano.a(libc_a-memmove.o)
                0x000000000800d1ee                memmove
 *fill*         0x000000000800d222        0x2 
 .text._fstat_r
                0x000000000800d224       0x24 C:/ST/STM32CubeIDE_1.13.0/STM32CubeIDE/plugins/com.st.stm32cube.ide.mcu.externaltools.gnu-tools-for-stm32.11.3.rel1.win32_1.1.0.202305231506/tools/bin/../lib/gcc/arm-none-eabi/11.3.1/../../../../arm-none-eabi/lib/thumb/v7-m/nofp\libc_nano.a(libc_a-fstatr.o)
                0x000000000800d224                _fstat_r
 .text._isatty_r
                0x000000000800d248       0x20 C:/ST/STM32CubeIDE_1.13.0/STM32CubeIDE/plugins/com.st.stm32cube.ide.mcu.externaltools.gnu-tools-for-stm32.11.3.rel1.win32_1.1.0.202305231506/tools/bin/../lib/gcc/arm-none-eabi/11.3.1/../../../../arm-none-eabi/lib/thumb/v7-m/nofp\libc_nano.a(libc_a-isattyr.o)
                0x000000000800d248                _isatty_r
 .text._sbrk_r  0x000000000800d268       0x20 C:/ST/STM32CubeIDE_1.13.0/STM32CubeIDE/plugins/com.st.stm32cube.ide.mcu.externaltools.gnu-tools-for-stm32.11.3.rel1.win32_1.1.0.202305231506/tools/bin/../lib/gcc/arm-none-eabi/11.3.1/../../../../arm-none-eabi/lib/thumb/v7-m/nofp\libc_nano.a(libc_a-sbrkr.o)
                0x000000000800d268                _sbrk_r
 .text.memchr   0x000000000800d288       0x1c C:/ST/STM32CubeIDE_1.13.0/STM32CubeIDE/plugins/com.st.stm32cube.ide.mcu.externaltools.gnu-tools-for-stm32.11.3.rel1.win32_1.1.0.202305231506/tools/bin/../lib/gcc/arm-none-eabi/11.3.1/../../../../arm-none-eabi/lib/thumb/v7-m/nofp\libc_nano.a(libc_a-memchr-stub.o)
                0x000000000800d288                memchr
 .text._realloc_r
                0x000000000800d2a4       0x5e C:/ST/STM32CubeIDE_1.13.0/STM32CubeIDE/plugins/com.st.stm32cube.ide.mcu.externaltools.gnu-tools-for-stm32.11.3.rel1.win32_1.1.0.202305231506/tools/bin/../lib/gcc/arm-none-eabi/11.3.1/../../../../arm-none-eabi/lib/thumb/v7-m/nofp\libc_nano.a(libc_a-reallocr.o)
                0x000000000800d2a4                _realloc_r
 .text._malloc_usable_size_r
                0x000000000800d302       0x10 C:/ST/STM32CubeIDE_1.13.0/STM32CubeIDE/plugins/com.st.stm32cube.ide.mcu.externaltools.gnu-tools-for-stm32.11.3.rel1.win32_1.1.0.202305231506/tools/bin/../lib/gcc/arm-none-eabi/11.3.1/../../../../arm-none-eabi/lib/thumb/v7-m/nofp\libc_nano.a(libc_a-msizer.o)
                0x000000000800d302                _malloc_usable_size_r
 *(.glue_7)
 .glue_7        0x000000000800d312        0x0 linker stubs
 *(.glue_7t)
 .glue_7t       0x000000000800d312        0x0 linker stubs
 *(.eh_frame)
 *fill*         0x000000000800d312        0x2 
 .eh_frame      0x000000000800d314        0x0 C:/ST/STM32CubeIDE_1.13.0/STM32CubeIDE/plugins/com.st.stm32cube.ide.mcu.externaltools.gnu-tools-for-stm32.11.3.rel1.win32_1.1.0.202305231506/tools/bin/../lib/gcc/arm-none-eabi/11.3.1/thumb/v7-m/nofp/crtbegin.o
 *(.init)
 .init          0x000000000800d314        0x4 C:/ST/STM32CubeIDE_1.13.0/STM32CubeIDE/plugins/com.st.stm32cube.ide.mcu.externaltools.gnu-tools-for-stm32.11.3.rel1.win32_1.1.0.202305231506/tools/bin/../lib/gcc/arm-none-eabi/11.3.1/thumb/v7-m/nofp/crti.o
                0x000000000800d314                _init
 .init          0x000000000800d318        0x8 C:/ST/STM32CubeIDE_1.13.0/STM32CubeIDE/plugins/com.st.stm32cube.ide.mcu.externaltools.gnu-tools-for-stm32.11.3.rel1.win32_1.1.0.202305231506/tools/bin/../lib/gcc/arm-none-eabi/11.3.1/thumb/v7-m/nofp/crtn.o
 *(.fini)
 .fini          0x000000000800d320        0x4 C:/ST/STM32CubeIDE_1.13.0/STM32CubeIDE/plugins/com.st.stm32cube.ide.mcu.externaltools.gnu-tools-for-stm32.11.3.rel1.win32_1.1.0.202305231506/tools/bin/../lib/gcc/arm-none-eabi/11.3.1/thumb/v7-m/nofp/crti.o
                0x000000000800d320                _fini
 .fini          0x000000000800d324        0x8 C:/ST/STM32CubeIDE_1.13.0/STM32CubeIDE/plugins/com.st.stm32cube.ide.mcu.externaltools.gnu-tools-for-stm32.11.3.rel1.win32_1.1.0.202305231506/tools/bin/../lib/gcc/arm-none-eabi/11.3.1/thumb/v7-m/nofp/crtn.o
                0x000000000800d32c                . = ALIGN (0x4)
                0x000000000800d32c                _etext = .

.vfp11_veneer   0x000000000800d32c        0x0
 .vfp11_veneer  0x000000000800d32c        0x0 linker stubs

.v4_bx          0x000000000800d32c        0x0
 .v4_bx         0x000000000800d32c        0x0 linker stubs

.iplt           0x000000000800d32c        0x0
 .iplt          0x000000000800d32c        0x0 C:/ST/STM32CubeIDE_1.13.0/STM32CubeIDE/plugins/com.st.stm32cube.ide.mcu.externaltools.gnu-tools-for-stm32.11.3.rel1.win32_1.1.0.202305231506/tools/bin/../lib/gcc/arm-none-eabi/11.3.1/thumb/v7-m/nofp/crtbegin.o

.rodata         0x000000000800d330      0x9d0
                0x000000000800d330                . = ALIGN (0x4)
 *(.rodata)
 .rodata        0x000000000800d330       0x43 ./Core/Src/Can_function.o
 *fill*         0x000000000800d373        0x5 
 .rodata        0x000000000800d378       0x90 ./Core/Src/EKF.o
 .rodata        0x000000000800d408      0x108 ./Core/Src/Serial_function.o
 .rodata        0x000000000800d510       0x8d ./Core/Src/adBms_Application.o
 *fill*         0x000000000800d59d        0x3 
 .rodata        0x000000000800d5a0       0x24 ./Core/Src/main.o
 *fill*         0x000000000800d5c4        0x4 
 .rodata        0x000000000800d5c8      0x674 ./Core/Src/my_adc_dma.o
 .rodata        0x000000000800dc3c       0x4d ./Core/Src/my_function.o
 *(.rodata*)
 *fill*         0x000000000800dc89        0x3 
 .rodata.AHBPrescTable
                0x000000000800dc8c       0x10 ./Core/Src/system_stm32f1xx.o
                0x000000000800dc8c                AHBPrescTable
 .rodata.APBPrescTable
                0x000000000800dc9c        0x8 ./Core/Src/system_stm32f1xx.o
                0x000000000800dc9c                APBPrescTable
 .rodata.aPLLMULFactorTable.1
                0x000000000800dca4       0x10 ./Drivers/STM32F1xx_HAL_Driver/Src/stm32f1xx_hal_rcc.o
 .rodata.aPredivFactorTable.0
                0x000000000800dcb4        0x2 ./Drivers/STM32F1xx_HAL_Driver/Src/stm32f1xx_hal_rcc.o
 *fill*         0x000000000800dcb6        0x2 
 .rodata.aPLLMULFactorTable.1
                0x000000000800dcb8       0x10 ./Drivers/STM32F1xx_HAL_Driver/Src/stm32f1xx_hal_rcc_ex.o
 .rodata.aPredivFactorTable.0
                0x000000000800dcc8        0x2 ./Drivers/STM32F1xx_HAL_Driver/Src/stm32f1xx_hal_rcc_ex.o
 .rodata._svfprintf_r.str1.1
                0x000000000800dcca       0x11 C:/ST/STM32CubeIDE_1.13.0/STM32CubeIDE/plugins/com.st.stm32cube.ide.mcu.externaltools.gnu-tools-for-stm32.11.3.rel1.win32_1.1.0.202305231506/tools/bin/../lib/gcc/arm-none-eabi/11.3.1/../../../../arm-none-eabi/lib/thumb/v7-m/nofp\libc_nano.a(libc_a-nano-svfprintf.o)
 .rodata._vfprintf_r.str1.1
                0x000000000800dcdb       0x11 C:/ST/STM32CubeIDE_1.13.0/STM32CubeIDE/plugins/com.st.stm32cube.ide.mcu.externaltools.gnu-tools-for-stm32.11.3.rel1.win32_1.1.0.202305231506/tools/bin/../lib/gcc/arm-none-eabi/11.3.1/../../../../arm-none-eabi/lib/thumb/v7-m/nofp\libc_nano.a(libc_a-nano-vfprintf.o)
 .rodata._printf_i.str1.1
                0x000000000800dcdb       0x22 C:/ST/STM32CubeIDE_1.13.0/STM32CubeIDE/plugins/com.st.stm32cube.ide.mcu.externaltools.gnu-tools-for-stm32.11.3.rel1.win32_1.1.0.202305231506/tools/bin/../lib/gcc/arm-none-eabi/11.3.1/../../../../arm-none-eabi/lib/thumb/v7-m/nofp\libc_nano.a(libc_a-nano-vfprintf_i.o)
                0x000000000800dd00                . = ALIGN (0x4)
 *fill*         0x000000000800dcfd        0x3 

.rel.dyn        0x000000000800dd00        0x0
 .rel.iplt      0x000000000800dd00        0x0 C:/ST/STM32CubeIDE_1.13.0/STM32CubeIDE/plugins/com.st.stm32cube.ide.mcu.externaltools.gnu-tools-for-stm32.11.3.rel1.win32_1.1.0.202305231506/tools/bin/../lib/gcc/arm-none-eabi/11.3.1/thumb/v7-m/nofp/crtbegin.o

.ARM.extab      0x000000000800dd00        0x0
                0x000000000800dd00                . = ALIGN (0x4)
 *(.ARM.extab* .gnu.linkonce.armextab.*)
                0x000000000800dd00                . = ALIGN (0x4)

.ARM            0x000000000800dd00        0x0
                0x000000000800dd00                . = ALIGN (0x4)
                0x000000000800dd00                __exidx_start = .
 *(.ARM.exidx*)
                0x000000000800dd00                __exidx_end = .
                0x000000000800dd00                . = ALIGN (0x4)

.preinit_array  0x000000000800dd00        0x0
                0x000000000800dd00                . = ALIGN (0x4)
                0x000000000800dd00                PROVIDE (__preinit_array_start = .)
 *(.preinit_array*)
                0x000000000800dd00                PROVIDE (__preinit_array_end = .)
                0x000000000800dd00                . = ALIGN (0x4)

.init_array     0x000000000800dd00        0x4
                0x000000000800dd00                . = ALIGN (0x4)
                0x000000000800dd00                PROVIDE (__init_array_start = .)
 *(SORT_BY_NAME(.init_array.*))
 *(.init_array*)
 .init_array    0x000000000800dd00        0x4 C:/ST/STM32CubeIDE_1.13.0/STM32CubeIDE/plugins/com.st.stm32cube.ide.mcu.externaltools.gnu-tools-for-stm32.11.3.rel1.win32_1.1.0.202305231506/tools/bin/../lib/gcc/arm-none-eabi/11.3.1/thumb/v7-m/nofp/crtbegin.o
                0x000000000800dd04                PROVIDE (__init_array_end = .)
                0x000000000800dd04                . = ALIGN (0x4)

.fini_array     0x000000000800dd04        0x4
                0x000000000800dd04                . = ALIGN (0x4)
                [!provide]                        PROVIDE (__fini_array_start = .)
 *(SORT_BY_NAME(.fini_array.*))
 *(.fini_array*)
 .fini_array    0x000000000800dd04        0x4 C:/ST/STM32CubeIDE_1.13.0/STM32CubeIDE/plugins/com.st.stm32cube.ide.mcu.externaltools.gnu-tools-for-stm32.11.3.rel1.win32_1.1.0.202305231506/tools/bin/../lib/gcc/arm-none-eabi/11.3.1/thumb/v7-m/nofp/crtbegin.o
                [!provide]                        PROVIDE (__fini_array_end = .)
                0x000000000800dd08                . = ALIGN (0x4)
                0x000000000800dd08                _sidata = LOADADDR (.data)

.data           0x0000000020000000       0x94 load address 0x000000000800dd08
                0x0000000020000000                . = ALIGN (0x4)
                0x0000000020000000                _sdata = .
 *(.data)
 *(.data*)
 .data.OcvTable
                0x0000000020000000       0x2c ./Core/Src/EKF.o
                0x0000000020000000                OcvTable
 .data.SystemCoreClock
                0x000000002000002c        0x4 ./Core/Src/system_stm32f1xx.o
                0x000000002000002c                SystemCoreClock
 .data.uwTickPrio
                0x0000000020000030        0x4 ./Drivers/STM32F1xx_HAL_Driver/Src/stm32f1xx_hal.o
                0x0000000020000030                uwTickPrio
 .data.uwTickFreq
                0x0000000020000034        0x1 ./Drivers/STM32F1xx_HAL_Driver/Src/stm32f1xx_hal.o
                0x0000000020000034                uwTickFreq
 *fill*         0x0000000020000035        0x3 
 .data.__sglue  0x0000000020000038        0xc C:/ST/STM32CubeIDE_1.13.0/STM32CubeIDE/plugins/com.st.stm32cube.ide.mcu.externaltools.gnu-tools-for-stm32.11.3.rel1.win32_1.1.0.202305231506/tools/bin/../lib/gcc/arm-none-eabi/11.3.1/../../../../arm-none-eabi/lib/thumb/v7-m/nofp\libc_nano.a(libc_a-findfp.o)
                0x0000000020000038                __sglue
 .data._impure_data
                0x0000000020000044       0x4c C:/ST/STM32CubeIDE_1.13.0/STM32CubeIDE/plugins/com.st.stm32cube.ide.mcu.externaltools.gnu-tools-for-stm32.11.3.rel1.win32_1.1.0.202305231506/tools/bin/../lib/gcc/arm-none-eabi/11.3.1/../../../../arm-none-eabi/lib/thumb/v7-m/nofp\libc_nano.a(libc_a-impure.o)
                0x0000000020000044                _impure_data
 .data._impure_ptr
                0x0000000020000090        0x4 C:/ST/STM32CubeIDE_1.13.0/STM32CubeIDE/plugins/com.st.stm32cube.ide.mcu.externaltools.gnu-tools-for-stm32.11.3.rel1.win32_1.1.0.202305231506/tools/bin/../lib/gcc/arm-none-eabi/11.3.1/../../../../arm-none-eabi/lib/thumb/v7-m/nofp\libc_nano.a(libc_a-impure.o)
                0x0000000020000090                _impure_ptr
 *(.RamFunc)
 *(.RamFunc*)
                0x0000000020000094                . = ALIGN (0x4)
                0x0000000020000094                _edata = .

.igot.plt       0x0000000020000094        0x0 load address 0x000000000800dd9c
 .igot.plt      0x0000000020000094        0x0 C:/ST/STM32CubeIDE_1.13.0/STM32CubeIDE/plugins/com.st.stm32cube.ide.mcu.externaltools.gnu-tools-for-stm32.11.3.rel1.win32_1.1.0.202305231506/tools/bin/../lib/gcc/arm-none-eabi/11.3.1/thumb/v7-m/nofp/crtbegin.o
                0x0000000020000094                . = ALIGN (0x4)

.bss            0x0000000020000098     0x1520 load address 0x000000000800dd9c
                0x0000000020000098                _sbss = .
                0x0000000020000098                __bss_start__ = _sbss
 *(.bss)
 .bss           0x0000000020000098       0x1c C:/ST/STM32CubeIDE_1.13.0/STM32CubeIDE/plugins/com.st.stm32cube.ide.mcu.externaltools.gnu-tools-for-stm32.11.3.rel1.win32_1.1.0.202305231506/tools/bin/../lib/gcc/arm-none-eabi/11.3.1/thumb/v7-m/nofp/crtbegin.o
 *(.bss*)
 .bss.guc_EKF_Init_Flag
                0x00000000200000b4        0x1 ./Core/Src/EKF.o
                0x00000000200000b4                guc_EKF_Init_Flag
 *fill*         0x00000000200000b5        0x3 
 .bss.gd_EKF_R  0x00000000200000b8        0x8 ./Core/Src/EKF.o
                0x00000000200000b8                gd_EKF_R
 .bss.ed_EKF_SOC
                0x00000000200000c0        0x8 ./Core/Src/EKF.o
                0x00000000200000c0                ed_EKF_SOC
 .bss.ed_EKF_V1
                0x00000000200000c8        0x8 ./Core/Src/EKF.o
                0x00000000200000c8                ed_EKF_V1
 .bss.ed_EKF_Vt
                0x00000000200000d0        0x8 ./Core/Src/EKF.o
                0x00000000200000d0                ed_EKF_Vt
 .bss.eui_EKF_SOC_UART
                0x00000000200000d8        0x4 ./Core/Src/EKF.o
                0x00000000200000d8                eui_EKF_SOC_UART
 .bss.SOC_Init  0x00000000200000dc        0x2 ./Core/Src/EKF.o
                0x00000000200000dc                SOC_Init
 .bss.flag_cmd.0
                0x00000000200000de        0x1 ./Core/Src/Serial_function.o
 .bss.cnt_Vdown.1
                0x00000000200000df        0x1 ./Core/Src/my_function.o
 .bss.cnt_Vup.0
                0x00000000200000e0        0x1 ./Core/Src/my_function.o
 *fill*         0x00000000200000e1        0x3 
 .bss.__sbrk_heap_end
                0x00000000200000e4        0x4 ./Core/Src/sysmem.o
 .bss.__sf      0x00000000200000e8      0x138 C:/ST/STM32CubeIDE_1.13.0/STM32CubeIDE/plugins/com.st.stm32cube.ide.mcu.externaltools.gnu-tools-for-stm32.11.3.rel1.win32_1.1.0.202305231506/tools/bin/../lib/gcc/arm-none-eabi/11.3.1/../../../../arm-none-eabi/lib/thumb/v7-m/nofp\libc_nano.a(libc_a-findfp.o)
                0x00000000200000e8                __sf
 .bss.__stdio_exit_handler
                0x0000000020000220        0x4 C:/ST/STM32CubeIDE_1.13.0/STM32CubeIDE/plugins/com.st.stm32cube.ide.mcu.externaltools.gnu-tools-for-stm32.11.3.rel1.win32_1.1.0.202305231506/tools/bin/../lib/gcc/arm-none-eabi/11.3.1/../../../../arm-none-eabi/lib/thumb/v7-m/nofp\libc_nano.a(libc_a-findfp.o)
                0x0000000020000220                __stdio_exit_handler
 .bss.errno     0x0000000020000224        0x4 C:/ST/STM32CubeIDE_1.13.0/STM32CubeIDE/plugins/com.st.stm32cube.ide.mcu.externaltools.gnu-tools-for-stm32.11.3.rel1.win32_1.1.0.202305231506/tools/bin/../lib/gcc/arm-none-eabi/11.3.1/../../../../arm-none-eabi/lib/thumb/v7-m/nofp\libc_nano.a(libc_a-reent.o)
                0x0000000020000224                errno
 .bss.__lock___malloc_recursive_mutex
                0x0000000020000228        0x1 C:/ST/STM32CubeIDE_1.13.0/STM32CubeIDE/plugins/com.st.stm32cube.ide.mcu.externaltools.gnu-tools-for-stm32.11.3.rel1.win32_1.1.0.202305231506/tools/bin/../lib/gcc/arm-none-eabi/11.3.1/../../../../arm-none-eabi/lib/thumb/v7-m/nofp\libc_nano.a(libc_a-lock.o)
                0x0000000020000228                __lock___malloc_recursive_mutex
 .bss.__lock___sfp_recursive_mutex
                0x0000000020000229        0x1 C:/ST/STM32CubeIDE_1.13.0/STM32CubeIDE/plugins/com.st.stm32cube.ide.mcu.externaltools.gnu-tools-for-stm32.11.3.rel1.win32_1.1.0.202305231506/tools/bin/../lib/gcc/arm-none-eabi/11.3.1/../../../../arm-none-eabi/lib/thumb/v7-m/nofp\libc_nano.a(libc_a-lock.o)
                0x0000000020000229                __lock___sfp_recursive_mutex
 *fill*         0x000000002000022a        0x2 
 .bss.__malloc_free_list
                0x000000002000022c        0x4 C:/ST/STM32CubeIDE_1.13.0/STM32CubeIDE/plugins/com.st.stm32cube.ide.mcu.externaltools.gnu-tools-for-stm32.11.3.rel1.win32_1.1.0.202305231506/tools/bin/../lib/gcc/arm-none-eabi/11.3.1/../../../../arm-none-eabi/lib/thumb/v7-m/nofp\libc_nano.a(libc_a-mallocr.o)
                0x000000002000022c                __malloc_free_list
 .bss.__malloc_sbrk_start
                0x0000000020000230        0x4 C:/ST/STM32CubeIDE_1.13.0/STM32CubeIDE/plugins/com.st.stm32cube.ide.mcu.externaltools.gnu-tools-for-stm32.11.3.rel1.win32_1.1.0.202305231506/tools/bin/../lib/gcc/arm-none-eabi/11.3.1/../../../../arm-none-eabi/lib/thumb/v7-m/nofp\libc_nano.a(libc_a-mallocr.o)
                0x0000000020000230                __malloc_sbrk_start
 *(COMMON)
 *fill*         0x0000000020000234        0x4 
 COMMON         0x0000000020000238      0xfb6 ./Core/Src/Can_function.o
                0x0000000020000238                g_uUart1_Rx_Cmd
                0x0000000020000338                sFilterConfig
                0x0000000020000360                Bms
                0x0000000020000390                g_uUart2_Rx_tail
                0x0000000020000391                g_uCan_Rxflag
                0x0000000020000394                g_uDebug_Rx_buffer
                0x0000000020000494                ADCV
                0x0000000020000496                g_uPrint_state
                0x0000000020000497                g_uUart1_Rx_head
                0x0000000020000498                Adbms6817
                0x00000000200008d8                g_u485_Rx_Cmd
                0x00000000200009d8                g_uUart2_Rx_head
                0x00000000200009dc                broadcast_data
                0x0000000020000a04                g_uCan_TxData
                0x0000000020000a0c                g_Adc_temp1
                0x0000000020000a10                g_uUart1_Rx_buffer
                0x0000000020000b10                g_uUart1_Rx_Flag
                0x0000000020000b11                g_uDebug_Rx_tail
                0x0000000020000b12                g_u485_Rx_Flag
                0x0000000020000b14                g_Can_TxHeader
                0x0000000020000b2c                g_uDebug_Rx_Cmd
                0x0000000020000c2c                g_u485_Tx_Cmd
                0x0000000020000c40                g_Adc_ct_Amp
                0x0000000020000c42                g_uCurrent_offset
                0x0000000020000c44                g_uSerial_tx_buffer
                0x0000000020000d44                g_uUart2_Rx_prev
                0x0000000020000d48                Err
                0x0000000020000d54                g_Can_RxHeader
                0x0000000020000d70                g_uUart1_Rx_tail
                0x0000000020000d74                g_uCan_TxMailbox
                0x0000000020000d78                g_uUart2_Rx_Cmd
                0x0000000020000e78                Sw_info
                0x0000000020000e7c                g_uAdc_dma_Data
                0x0000000020000f6c                g_uUart1_Rx_prev
                0x0000000020000f70                CT
                0x0000000020000f88                g_u485_Rx_prev
                0x0000000020000f8c                g_uUart2_Rx_buffer
                0x000000002000108c                g_u485_Rx_now