../Core/Src/adBms_Application.c:24:6:Print_Cell_Voltage	40	static
../Core/Src/adBms_Application.c:127:6:Print_gpio_temp	16	static
../Core/Src/adBms_Application.c:141:6:Print_6817_info	16	static
../Core/Src/adBms_Application.c:160:6:Adbms6817_initialize	8	static
../Core/Src/adBms_Application.c:196:6:Adbms6817_adcv	16	static
../Core/Src/adBms_Application.c:249:6:Adbms6817_adax	16	static
../Core/Src/adBms_Application.c:297:6:Adbms6817_adcvax	16	static
../Core/Src/adBms_Application.c:325:6:Adbms6817_adsc	24	static
../Core/Src/adBms_Application.c:387:6:Adbms6817_rdcv_reg	24	static
../Core/Src/adBms_Application.c:454:6:Adbms6817_rdcd_reg	24	static
../Core/Src/adBms_Application.c:522:6:Adbms6817_rdaux_reg	24	static
../Core/Src/adBms_Application.c:571:6:Adbms6817_rdstat_reg	24	static
../Core/Src/adBms_Application.c:619:6:Adbms6817_rdcv_reg_ALL	24	static
../Core/Src/adBms_Application.c:660:6:Adbms6817_rdcd_reg_ALL	24	static
../Core/Src/adBms_Application.c:719:9:Adbms_rdcv	152	static
../Core/Src/adBms_Application.c:871:6:Adbms6817_wrcfg	152	static
../Core/Src/adBms_Application.c:962:8:Adbms6817_rdcfg	56	static
../Core/Src/adBms_Application.c:1055:6:Adbms6817_rdsid	24	static
../Core/Src/adBms_Application.c:1084:6:Adbms6817_rdasall	24	static
../Core/Src/adBms_Application.c:1109:6:Adbms6817_rdpwm	24	static
../Core/Src/adBms_Application.c:1133:6:Adbms6817_wrpwm	152	static
../Core/Src/adBms_Application.c:1187:6:Adbms6817_discharge_cell_continuously	32	static
../Core/Src/adBms_Application.c:1229:6:Adbms6817_mute	16	static
../Core/Src/adBms_Application.c:1253:6:Adbms6817_unmute	16	static
../Core/Src/adBms_Application.c:1277:6:Adbms6817_srst	16	static
../Core/Src/adBms_Application.c:1298:6:Adbms6817_discharge_cell_pwm	16	static
../Core/Src/adBms_Application.c:1342:6:PEC15_Table_initialize	24	static
../Core/Src/adBms_Application.c:1366:6:PEC10_Table_initialize	24	static
../Core/Src/adBms_Application.c:1391:10:PEC15_calc	24	static
../Core/Src/adBms_Application.c:1408:10:PEC10_calc	24	static
../Core/Src/adBms_Application.c:1467:9:check_full_charge	24	static
../Core/Src/adBms_Application.c:1486:6:Calc_SOC_Voltage	24	static
../Core/Src/adBms_Application.c:1561:6:Adbms6817_read_adc	80	static
../Core/Src/adBms_Application.c:1595:6:Adbms6817_init_reg	16	static
../Core/Src/adBms_Application.c:1607:6:wakeup_idle	8	static
../Core/Src/adBms_Application.c:1614:6:spi_write_array	24	static
../Core/Src/adBms_Application.c:1626:6:spi_write_read	40	static
