../Core/Src/main.c:67:1:__io_putchar	16	static
../Core/Src/main.c:73:6:check_smps_charge	16	static
../Core/Src/main.c:109:5:main	8	static
../Core/Src/main.c:286:6:SystemClock_Config	88	static
../Core/Src/main.c:334:13:MX_NVIC_Init	8	static
../Core/Src/main.c:352:6:HAL_UART_RxCpltCallback	24	static
../Core/Src/main.c:425:6:HAL_CAN_RxFifo0MsgPendingCallback	16	static
../Core/Src/main.c:439:6:HAL_TIM_PeriodElapsedCallback	16	static
../Core/Src/main.c:460:6:HAL_CAN_ErrorCallback	16	static
../Core/Src/main.c:466:6:HAL_PWR_PVDCallback	4	static
../Core/Src/main.c:477:6:Error_Handler	4	static,ignoring_inline_asm
