../Core/Src/my_adc_dma.c:12:6:Setup_ADC_default	328	static
../Core/Src/my_adc_dma.c:50:6:Adc_dma_start	8	static
../Core/Src/my_adc_dma.c:55:6:Adc_dma_stop	8	static
../Core/Src/my_adc_dma.c:60:6:Read_DMA_Current_n_Temperature	528	static
../Core/Src/my_adc_dma.c:131:9:Calc_PCB_current	24	static
../Core/Src/my_adc_dma.c:161:9:Calc_CT_sensor	24	static
../Core/Src/my_adc_dma.c:175:9:Adc_to_temperature	1656	static
../Core/Src/my_adc_dma.c:214:6:quickSort	32	static
../Core/Src/my_adc_dma.c:240:6:Print_adc_value	16	static
